Microsoft Windows [Version 10.0.19045.2486]
(c) Microsoft Corporation. All rights reserved.

C:\WINDOWS\system32>bash

bhara@DESKTOP-SSN6PB4  /c/WINDOWS/system32
$ cd ~/devops/provision/vagrant/ubuntu/

bhara@DESKTOP-SSN6PB4  ~/devops/provision/vagrant/ubuntu
$ vagrant status
Current machine states:

default                   poweroff (virtualbox)

The VM is powered off. To restart the VM, simply run `vagrant up`

bhara@DESKTOP-SSN6PB4  ~/devops/provision/vagrant/ubuntu
$ vagrant up
Bringing machine 'default' up with 'virtualbox' provider...
==> default: Checking if box 'generic/ubuntu1804' version '4.2.8' is up to date...
==> default: Clearing any previously set forwarded ports...
==> default: Clearing any previously set network interfaces...
==> default: Preparing network interfaces based on configuration...
    default: Adapter 1: nat
==> default: Forwarding ports...
    default: 22 (guest) => 2222 (host) (adapter 1)
==> default: Running 'pre-boot' VM customizations...
==> default: Booting VM...
==> default: Waiting for machine to boot. This may take a few minutes...
    default: SSH address: 127.0.0.1:2222
    default: SSH username: vagrant
    default: SSH auth method: private key
    default: Warning: Connection reset. Retrying...
    default: Warning: Connection aborted. Retrying...
==> default: Machine booted and ready!
==> default: Checking for guest additions in VM...
    default: The guest additions on this VM do not match the installed version of
    default: VirtualBox! In most cases this is fine, but in rare cases it can
    default: prevent things such as shared folders from working properly. If you see
    default: shared folder errors, please make sure the guest additions within the
    default: virtual machine match the version of VirtualBox you have installed on
    default: your host and reload your VM.
    default:
    default: Guest Additions Version: 5.2.42
    default: VirtualBox Version: 7.0
==> default: Machine already provisioned. Run `vagrant provision` or use the `--provision`
==> default: flag to force provisioning. Provisioners marked to run always will still run.

bhara@DESKTOP-SSN6PB4  ~/devops/provision/vagrant/ubuntu
$ vagrant ssh
Last login: Sat Jan 21 04:16:21 2023 from 10.0.2.2
vagrant@ubuntu1804:~$
vagrant@ubuntu1804:~$
vagrant@ubuntu1804:~$ sudo su -
root@ubuntu1804:~# docker image inspect
"docker image inspect" requires at least 1 argument.
See 'docker image inspect --help'.

Usage:  docker image inspect [OPTIONS] IMAGE [IMAGE...]

Display detailed information on one or more images
root@ubuntu1804:~# docker image

Usage:  docker image COMMAND

Manage images

Commands:
  build       Build an image from a Dockerfile
  history     Show the history of an image
  import      Import the contents from a tarball to create a filesystem image
  inspect     Display detailed information on one or more images
  load        Load an image from a tar archive or STDIN
  ls          List images
  prune       Remove unused images
  pull        Download an image from a registry
  push        Upload an image to a registry
  rm          Remove one or more images
  save        Save one or more images to a tar archive (streamed to STDOUT by default)
  tag         Create a tag TARGET_IMAGE that refers to SOURCE_IMAGE

Run 'docker image COMMAND --help' for more information on a command.
root@ubuntu1804:~# docker images
REPOSITORY   TAG       IMAGE ID       CREATED       SIZE
nginx        latest    1403e55ab369   4 weeks ago   142MB
root@ubuntu1804:~# docker image inspect nginx
[
    {
        "Id": "sha256:1403e55ab369cd1c8039c34e6b4d47ca40bbde39c371254c7cba14756f472f52",
        "RepoTags": [
            "nginx:latest"
        ],
        "RepoDigests": [
            "nginx@sha256:0047b729188a15da49380d9506d65959cce6d40291ccfb4e039f5dc7efd33286"
        ],
        "Parent": "",
        "Comment": "",
        "Created": "2022-12-21T11:28:36.032076444Z",
        "Container": "998db7a2435fd5f47cc2066317b9c502c84c6d386ee02e932fcae89b956d64d1",
        "ContainerConfig": {
            "Hostname": "998db7a2435f",
            "Domainname": "",
            "User": "",
            "AttachStdin": false,
            "AttachStdout": false,
            "AttachStderr": false,
            "ExposedPorts": {
                "80/tcp": {}
            },
            "Tty": false,
            "OpenStdin": false,
            "StdinOnce": false,
            "Env": [
                "PATH=/usr/local/sbin:/usr/local/bin:/usr/sbin:/usr/bin:/sbin:/bin",
                "NGINX_VERSION=1.23.3",
                "NJS_VERSION=0.7.9",
                "PKG_RELEASE=1~bullseye"
            ],
            "Cmd": [
                "/bin/sh",
                "-c",
                "#(nop) ",
                "CMD [\"nginx\" \"-g\" \"daemon off;\"]"
            ],
            "Image": "sha256:54be6ffbe9af301b35b9af81ecfae9044801d34e735798a0607839ba6a10ff23",
            "Volumes": null,
            "WorkingDir": "",
            "Entrypoint": [
                "/docker-entrypoint.sh"
            ],
            "OnBuild": null,
            "Labels": {
                "maintainer": "NGINX Docker Maintainers <docker-maint@nginx.com>"
            },
            "StopSignal": "SIGQUIT"
        },
        "DockerVersion": "20.10.12",
        "Author": "",
        "Config": {
            "Hostname": "",
            "Domainname": "",
            "User": "",
            "AttachStdin": false,
            "AttachStdout": false,
            "AttachStderr": false,
            "ExposedPorts": {
                "80/tcp": {}
            },
            "Tty": false,
            "OpenStdin": false,
            "StdinOnce": false,
            "Env": [
                "PATH=/usr/local/sbin:/usr/local/bin:/usr/sbin:/usr/bin:/sbin:/bin",
                "NGINX_VERSION=1.23.3",
                "NJS_VERSION=0.7.9",
                "PKG_RELEASE=1~bullseye"
            ],
            "Cmd": [
                "nginx",
                "-g",
                "daemon off;"
            ],
            "Image": "sha256:54be6ffbe9af301b35b9af81ecfae9044801d34e735798a0607839ba6a10ff23",
            "Volumes": null,
            "WorkingDir": "",
            "Entrypoint": [
                "/docker-entrypoint.sh"
            ],
            "OnBuild": null,
            "Labels": {
                "maintainer": "NGINX Docker Maintainers <docker-maint@nginx.com>"
            },
            "StopSignal": "SIGQUIT"
        },
        "Architecture": "amd64",
        "Os": "linux",
        "Size": 141812353,
        "VirtualSize": 141812353,
        "GraphDriver": {
            "Data": {
                "LowerDir": "/var/lib/docker/overlay2/1697f4f92725f599cd96d7b7196da1c95a56ba3d3f1a727ad6fd9e6c8fc4ae5a/diff:/var/lib/docker/overlay2/7f6c7f2496527c535b83c152514a4f114284cc7883fdfb770f32ec1e1b959465/diff:/var/lib/docker/overlay2/2a5f3ea5f84646d5f056b446d24751867b2ff54ec85b7684451ca2f2c247f1e1/diff:/var/lib/docker/overlay2/5f8c96837f315a1fd966d1fee60e7d6302c32f4b6aaafd1e31fb5e0834c1921d/diff:/var/lib/docker/overlay2/ba9d3b947a0df00023a31d6e378689d659e58577f2959738f1af4d7295ce403a/diff",
                "MergedDir": "/var/lib/docker/overlay2/30b8a281b76eac7e6d0225f3eb5a6dec45d1f4631b8cdc5955a6af8816f57202/merged",
                "UpperDir": "/var/lib/docker/overlay2/30b8a281b76eac7e6d0225f3eb5a6dec45d1f4631b8cdc5955a6af8816f57202/diff",
                "WorkDir": "/var/lib/docker/overlay2/30b8a281b76eac7e6d0225f3eb5a6dec45d1f4631b8cdc5955a6af8816f57202/work"
            },
            "Name": "overlay2"
        },
        "RootFS": {
            "Type": "layers",
            "Layers": [
                "sha256:8a70d251b65364698f195f5a0b424e0d67de81307b79afbe662abd797068a069",
                "sha256:2dadbc36c170719f910a91a5417bf49deabd05bc39ccff3819a391462675ecd0",
                "sha256:2b3eec3578075bf2ebce00bd6958f1c21b4b5624fcdde301a01b4bda7b8a9bc7",
                "sha256:d13aea24d2cb0aee650b72ffa8a0c7863a5b06327542ae46fe5987f223cb836c",
                "sha256:9a0ef04f57f54323637935c32b46a2cae3e0451a39b1c306d5b4bc6d4f479e0b",
                "sha256:c72d75f45e5b50e9d16b482faac4646268abc644f1bd68dc2f45100defcf08a2"
            ]
        },
        "Metadata": {
            "LastTagTime": "0001-01-01T00:00:00Z"
        }
    }
]
root@ubuntu1804:~# systemctl -t help
Available unit types:
service
socket
target
device
mount
automount
swap
timer
path
slice
scope
root@ubuntu1804:~#
root@ubuntu1804:~#
root@ubuntu1804:~# systemctl status docker
? docker.service - Docker Application Container Engine
   Loaded: loaded (/lib/systemd/system/docker.service; enabled; vendor preset: enabled)
   Active: active (running) since Mon 2023-01-23 06:06:37 UTC; 9h ago
     Docs: https://docs.docker.com
 Main PID: 1184 (dockerd)
    Tasks: 8
   CGroup: /system.slice/docker.service
           +-1184 /usr/bin/dockerd -H fd:// --containerd=/run/containerd/containerd.sock

Jan 23 06:06:35 ubuntu1804.localdomain dockerd[1184]: time="2023-01-23T06:06:35.587013443Z" level=info msg="[graphdriver] using prior
Jan 23 06:06:35 ubuntu1804.localdomain dockerd[1184]: time="2023-01-23T06:06:35.754770119Z" level=info msg="Loading containers: start.
Jan 23 06:06:36 ubuntu1804.localdomain dockerd[1184]: time="2023-01-23T06:06:36.950285003Z" level=info msg="Default bridge (docker0) i
Jan 23 06:06:37 ubuntu1804.localdomain dockerd[1184]: time="2023-01-23T06:06:37.119247748Z" level=info msg="Loading containers: done."
Jan 23 06:06:37 ubuntu1804.localdomain dockerd[1184]: time="2023-01-23T06:06:37.299643886Z" level=warning msg="WARNING: No swap limit
Jan 23 06:06:37 ubuntu1804.localdomain dockerd[1184]: time="2023-01-23T06:06:37.300213850Z" level=info msg="Docker daemon" commit=cba9
Jan 23 06:06:37 ubuntu1804.localdomain dockerd[1184]: time="2023-01-23T06:06:37.301177222Z" level=info msg="Daemon has completed initi
Jan 23 06:06:37 ubuntu1804.localdomain dockerd[1184]: time="2023-01-23T06:06:37.337366340Z" level=info msg="[core] [Server #7] Server
Jan 23 06:06:37 ubuntu1804.localdomain systemd[1]: Started Docker Application Container Engine.
Jan 23 06:06:37 ubuntu1804.localdomain dockerd[1184]: time="2023-01-23T06:06:37.369534688Z" level=info msg="API listen on /run/docker.
lines 1-19/19 (END)
[1]+  Stopped                 systemctl status docker
root@ubuntu1804:~# docker images
REPOSITORY   TAG       IMAGE ID       CREATED       SIZE
nginx        latest    1403e55ab369   4 weeks ago   142MB
root@ubuntu1804:~# docker info
Client:
 Context:    default
 Debug Mode: false
 Plugins:
  buildx: Docker Buildx (Docker Inc.)
    Version:  v0.10.0-rc2
    Path:     /usr/libexec/docker/cli-plugins/docker-buildx
  compose: Docker Compose (Docker Inc.)
    Version:  v2.14.2
    Path:     /usr/libexec/docker/cli-plugins/docker-compose
  scan: Docker Scan (Docker Inc.)
    Version:  v0.23.0
    Path:     /usr/libexec/docker/cli-plugins/docker-scan

Server:
 Containers: 0
  Running: 0
  Paused: 0
  Stopped: 0
 Images: 1
 Server Version: 23.0.0-rc.1
 Storage Driver: overlay2
  Backing Filesystem: extfs
  Supports d_type: true
  Using metacopy: false
  Native Overlay Diff: true
  userxattr: false
 Logging Driver: json-file
 Cgroup Driver: cgroupfs
 Cgroup Version: 1
 Plugins:
  Volume: local
  Network: bridge host ipvlan macvlan null overlay
  Log: awslogs fluentd gcplogs gelf journald json-file local logentries splunk syslog
 Swarm: inactive
 Runtimes: runc io.containerd.runc.v2
 Default Runtime: runc
 Init Binary: docker-init
 containerd version: 9ba4b250366a5ddde94bb7c9d1def331423aa323
 runc version: v1.1.4-0-g5fd4c4d
 init version: de40ad0
 Security Options:
  apparmor
  seccomp
   Profile: builtin
 Kernel Version: 4.15.0-200-generic
 Operating System: Ubuntu 18.04.6 LTS
 OSType: linux
 Architecture: x86_64
 CPUs: 2
 Total Memory: 1.946GiB
 Name: ubuntu1804.localdomain
 ID: 41c429f9-5b54-4f76-9547-71705dc2a7ad
 Docker Root Dir: /var/lib/docker
 Debug Mode: false
 Registry: https://index.docker.io/v1/
 Experimental: false
 Insecure Registries:
  127.0.0.0/8
 Live Restore Enabled: false

WARNING: No swap limit support
root@ubuntu1804:~# df -hT /var/
Filesystem     Type  Size  Used Avail Use% Mounted on
/dev/sda3      ext4  124G  3.3G  114G   3% /
root@ubuntu1804:~# df -hT
Filesystem     Type      Size  Used Avail Use% Mounted on
udev           devtmpfs  965M     0  965M   0% /dev
tmpfs          tmpfs     200M  5.7M  194M   3% /run
/dev/sda3      ext4      124G  3.3G  114G   3% /
tmpfs          tmpfs     997M     0  997M   0% /dev/shm
tmpfs          tmpfs     5.0M     0  5.0M   0% /run/lock
tmpfs          tmpfs     997M     0  997M   0% /sys/fs/cgroup
/dev/sda1      ext4      462M  148M  286M  35% /boot
tmpfs          tmpfs     200M     0  200M   0% /run/user/1000
root@ubuntu1804:~# docker system df
TYPE            TOTAL     ACTIVE    SIZE      RECLAIMABLE
Images          1         0         141.8MB   141.8MB (100%)
Containers      0         0         0B        0B
Local Volumes   0         0         0B        0B
Build Cache     0         0         0B        0B
root@ubuntu1804:~#
root@ubuntu1804:~#
root@ubuntu1804:~# systemctl status docker
? docker.service - Docker Application Container Engine
   Loaded: loaded (/lib/systemd/system/docker.service; enabled; vendor preset: enabled)
   Active: active (running) since Mon 2023-01-23 06:06:37 UTC; 11h ago
     Docs: https://docs.docker.com
 Main PID: 1184 (dockerd)
    Tasks: 8
   CGroup: /system.slice/docker.service
           +-1184 /usr/bin/dockerd -H fd:// --containerd=/run/containerd/containerd.sock

Jan 23 06:06:35 ubuntu1804.localdomain dockerd[1184]: time="2023-01-23T06:06:35.587013443Z" level=info msg="[graphdriver] using prior
Jan 23 06:06:35 ubuntu1804.localdomain dockerd[1184]: time="2023-01-23T06:06:35.754770119Z" level=info msg="Loading containers: start.
Jan 23 06:06:36 ubuntu1804.localdomain dockerd[1184]: time="2023-01-23T06:06:36.950285003Z" level=info msg="Default bridge (docker0) i
Jan 23 06:06:37 ubuntu1804.localdomain dockerd[1184]: time="2023-01-23T06:06:37.119247748Z" level=info msg="Loading containers: done."
Jan 23 06:06:37 ubuntu1804.localdomain dockerd[1184]: time="2023-01-23T06:06:37.299643886Z" level=warning msg="WARNING: No swap limit
Jan 23 06:06:37 ubuntu1804.localdomain dockerd[1184]: time="2023-01-23T06:06:37.300213850Z" level=info msg="Docker daemon" commit=cba9
Jan 23 06:06:37 ubuntu1804.localdomain dockerd[1184]: time="2023-01-23T06:06:37.301177222Z" level=info msg="Daemon has completed initi
Jan 23 06:06:37 ubuntu1804.localdomain dockerd[1184]: time="2023-01-23T06:06:37.337366340Z" level=info msg="[core] [Server #7] Server
Jan 23 06:06:37 ubuntu1804.localdomain systemd[1]: Started Docker Application Container Engine.
Jan 23 06:06:37 ubuntu1804.localdomain dockerd[1184]: time="2023-01-23T06:06:37.369534688Z" level=info msg="API listen on /run/docker.
lines 1-19/19 (END)
[2]+  Stopped                 systemctl status docker
root@ubuntu1804:~#

root@ubuntu1804:~#
root@ubuntu1804:~# systemctl stop docker
Warning: Stopping docker.service, but it can still be activated by:
  docker.socket
root@ubuntu1804:~# systemctl status docker
? docker.service - Docker Application Container Engine
   Loaded: loaded (/lib/systemd/system/docker.service; enabled; vendor preset: enabled)
   Active: inactive (dead) since Mon 2023-01-23 17:16:55 UTC; 9s ago
     Docs: https://docs.docker.com
  Process: 1184 ExecStart=/usr/bin/dockerd -H fd:// --containerd=/run/containerd/containerd.sock (code=exited, status=0/SUCCESS)
 Main PID: 1184 (code=exited, status=0/SUCCESS)

Jan 23 06:06:37 ubuntu1804.localdomain systemd[1]: Started Docker Application Container Engine.
Jan 23 06:06:37 ubuntu1804.localdomain dockerd[1184]: time="2023-01-23T06:06:37.369534688Z" level=info msg="API listen on /run/docker.
Jan 23 17:16:55 ubuntu1804.localdomain systemd[1]: Stopping Docker Application Container Engine...
Jan 23 17:16:55 ubuntu1804.localdomain dockerd[1184]: time="2023-01-23T17:16:55.292057532Z" level=info msg="Processing signal 'termina
Jan 23 17:16:55 ubuntu1804.localdomain dockerd[1184]: time="2023-01-23T17:16:55.293008812Z" level=info msg="[core] [Channel #1] Channe
Jan 23 17:16:55 ubuntu1804.localdomain dockerd[1184]: time="2023-01-23T17:16:55.293076874Z" level=info msg="[core] [Channel #1 SubChan
Jan 23 17:16:55 ubuntu1804.localdomain dockerd[1184]: time="2023-01-23T17:16:55.293106245Z" level=info msg="[core] [Channel #1 SubChan
Jan 23 17:16:55 ubuntu1804.localdomain dockerd[1184]: time="2023-01-23T17:16:55.293121897Z" level=info msg="[core] [Channel #1] Channe
Jan 23 17:16:55 ubuntu1804.localdomain dockerd[1184]: time="2023-01-23T17:16:55.293651018Z" level=info msg="Daemon shutdown complete"
Jan 23 17:16:55 ubuntu1804.localdomain systemd[1]: Stopped Docker Application Container Engine.

[3]+  Stopped                 systemctl status docker
root@ubuntu1804:~#
root@ubuntu1804:~#
root@ubuntu1804:~# systemctl is-active docker.service
inactive
root@ubuntu1804:~# systemctl is-enable docker.service
Unknown operation is-enable.
root@ubuntu1804:~# systemctl is-enabled docker.service
enabled
root@ubuntu1804:~# docker rmi nginx:latest
Untagged: nginx:latest
Untagged: nginx@sha256:0047b729188a15da49380d9506d65959cce6d40291ccfb4e039f5dc7efd33286
Deleted: sha256:1403e55ab369cd1c8039c34e6b4d47ca40bbde39c371254c7cba14756f472f52
Deleted: sha256:0274f249eda4c376bde7cbe0b719ea3aef10201846d7262f37f7a0fc0b4fcf90
Deleted: sha256:e01fc49cb889c5dd6b11390e9863ba00f886315c5a403ee5955fb5c88d2aa576
Deleted: sha256:b2a367ee540c5d40c704fdece005b422f55f85a61b96a25bd99d6847669958a0
Deleted: sha256:2c1c6d39cbcc4767b0798aacc03f203951057e77c5edebca1fdfbcd4997f2919
Deleted: sha256:d260638126e1d2d3202dec36b67f124624fbcdad3afedd334e7260bf75dad8da
Deleted: sha256:8a70d251b65364698f195f5a0b424e0d67de81307b79afbe662abd797068a069
root@ubuntu1804:~# docker rmi -f $(docker images -q)
"docker rmi" requires at least 1 argument.
See 'docker rmi --help'.

Usage:  docker rmi [OPTIONS] IMAGE [IMAGE...]

Remove one or more images
root@ubuntu1804:~# docker rmi --help

Usage:  docker rmi [OPTIONS] IMAGE [IMAGE...]

Remove one or more images

Aliases:
  docker image rm, docker image remove, docker rmi

Options:
  -f, --force      Force removal of the image
      --no-prune   Do not delete untagged parents
root@ubuntu1804:~# docker images
REPOSITORY   TAG       IMAGE ID   CREATED   SIZE
root@ubuntu1804:~# docker image prune
WARNING! This will remove all dangling images.
Are you sure you want to continue? [y/N] y
Total reclaimed space: 0B
root@ubuntu1804:~# systemctl is-active docker.service
active
root@ubuntu1804:~# docker pull nginx
Using default tag: latest
latest: Pulling from library/nginx
8740c948ffd4: Pull complete
d2c0556a17c5: Pull complete
c8b9881f2c6a: Pull complete
693c3ffa8f43: Pull complete
8316c5e80e6d: Pull complete
b2fe3577faa4: Pull complete
Digest: sha256:b8f2383a95879e1ae064940d9a200f67a6c79e710ed82ac42263397367e7cc4e
Status: Downloaded newer image for nginx:latest
docker.io/library/nginx:latest
root@ubuntu1804:~# docker system df
TYPE            TOTAL     ACTIVE    SIZE      RECLAIMABLE
Images          1         0         141.8MB   141.8MB (100%)
Containers      0         0         0B        0B
Local Volumes   0         0         0B        0B
Build Cache     0         0         0B        0B
root@ubuntu1804:~# docker images
REPOSITORY   TAG       IMAGE ID       CREATED       SIZE
nginx        latest    a99a39d070bf   12 days ago   142MB
root@ubuntu1804:~# docker info
Client:
 Context:    default
 Debug Mode: false
 Plugins:
  buildx: Docker Buildx (Docker Inc.)
    Version:  v0.10.0-rc2
    Path:     /usr/libexec/docker/cli-plugins/docker-buildx
  compose: Docker Compose (Docker Inc.)
    Version:  v2.14.2
    Path:     /usr/libexec/docker/cli-plugins/docker-compose
  scan: Docker Scan (Docker Inc.)
    Version:  v0.23.0
    Path:     /usr/libexec/docker/cli-plugins/docker-scan

Server:
 Containers: 0
  Running: 0
  Paused: 0
  Stopped: 0
 Images: 1
 Server Version: 23.0.0-rc.1
 Storage Driver: overlay2
  Backing Filesystem: extfs
  Supports d_type: true
  Using metacopy: false
  Native Overlay Diff: true
  userxattr: false
 Logging Driver: json-file
 Cgroup Driver: cgroupfs
 Cgroup Version: 1
 Plugins:
  Volume: local
  Network: bridge host ipvlan macvlan null overlay
  Log: awslogs fluentd gcplogs gelf journald json-file local logentries splunk syslog
 Swarm: inactive
 Runtimes: io.containerd.runc.v2 runc
 Default Runtime: runc
 Init Binary: docker-init
 containerd version: 9ba4b250366a5ddde94bb7c9d1def331423aa323
 runc version: v1.1.4-0-g5fd4c4d
 init version: de40ad0
 Security Options:
  apparmor
  seccomp
   Profile: builtin
 Kernel Version: 4.15.0-200-generic
 Operating System: Ubuntu 18.04.6 LTS
 OSType: linux
 Architecture: x86_64
 CPUs: 2
 Total Memory: 1.946GiB
 Name: ubuntu1804.localdomain
 ID: 41c429f9-5b54-4f76-9547-71705dc2a7ad
 Docker Root Dir: /var/lib/docker
 Debug Mode: false
 Registry: https://index.docker.io/v1/
 Experimental: false
 Insecure Registries:
  127.0.0.0/8
 Live Restore Enabled: false

WARNING: No swap limit support
root@ubuntu1804:~#
root@ubuntu1804:~# docker rmi -f nginx
Untagged: nginx:latest
Untagged: nginx@sha256:b8f2383a95879e1ae064940d9a200f67a6c79e710ed82ac42263397367e7cc4e
Deleted: sha256:a99a39d070bfd1cb60fe65c45dea3a33764dc00a9546bf8dc46cb5a11b1b50e9
Deleted: sha256:937f740376014d8e951ae4f0ff0b0ca64fd958c176510fc0a86dd1b491226a71
Deleted: sha256:a73369e624d6b4fbea1e6046a2f3cf3c7a15c6e0e0012659f410380d8dc70594
Deleted: sha256:bc2dd4cf50f065c3e884872cd30eb888a71f6ab545d8bec196a7662bfbd033a3
Deleted: sha256:c9372c5c9249380700f7af0441de14f14c361b5561ecc876da46f58a7ad71b7b
Deleted: sha256:deea3af05bc845b217a415b240422c19933218422b6d60414c2caeff976e5430
Deleted: sha256:67a4178b7d47beb6a1f697a593bd0c6841c67eb0da00f2badefb05fd30671490
root@ubuntu1804:~# docker image prune
WARNING! This will remove all dangling images.
Are you sure you want to continue? [y/N] y
Total reclaimed space: 0B
root@ubuntu1804:~# docket system df

Command 'docket' not found, did you mean:

  command 'docker' from snap docker (20.10.17)
  command 'docker' from deb docker.io
  command 'socket' from deb socket

See 'snap info <snapname>' for additional versions.

root@ubuntu1804:~# docker system df
TYPE            TOTAL     ACTIVE    SIZE      RECLAIMABLE
Images          0         0         0B        0B
Containers      0         0         0B        0B
Local Volumes   0         0         0B        0B
Build Cache     0         0         0B        0B
root@ubuntu1804:~# docker images
REPOSITORY   TAG       IMAGE ID   CREATED   SIZE
root@ubuntu1804:~# systemctl status docker.service
? docker.service - Docker Application Container Engine
   Loaded: loaded (/lib/systemd/system/docker.service; enabled; vendor preset: enabled)
   Active: active (running) since Mon 2023-01-23 17:38:21 UTC; 7min ago
     Docs: https://docs.docker.com
 Main PID: 14928 (dockerd)
    Tasks: 9
   CGroup: /system.slice/docker.service
           +-14928 /usr/bin/dockerd -H fd:// --containerd=/run/containerd/containerd.sock

Jan 23 17:38:20 ubuntu1804.localdomain dockerd[14928]: time="2023-01-23T17:38:20.902396585Z" level=info msg="[graphdriver] using prior
Jan 23 17:38:20 ubuntu1804.localdomain dockerd[14928]: time="2023-01-23T17:38:20.913144842Z" level=info msg="Loading containers: start
Jan 23 17:38:21 ubuntu1804.localdomain dockerd[14928]: time="2023-01-23T17:38:21.115517363Z" level=info msg="Default bridge (docker0)
Jan 23 17:38:21 ubuntu1804.localdomain dockerd[14928]: time="2023-01-23T17:38:21.345123889Z" level=info msg="Loading containers: done.
Jan 23 17:38:21 ubuntu1804.localdomain dockerd[14928]: time="2023-01-23T17:38:21.398762643Z" level=warning msg="WARNING: No swap limit
Jan 23 17:38:21 ubuntu1804.localdomain dockerd[14928]: time="2023-01-23T17:38:21.398834227Z" level=info msg="Docker daemon" commit=cba
Jan 23 17:38:21 ubuntu1804.localdomain dockerd[14928]: time="2023-01-23T17:38:21.398894088Z" level=info msg="Daemon has completed init
Jan 23 17:38:21 ubuntu1804.localdomain dockerd[14928]: time="2023-01-23T17:38:21.424239941Z" level=info msg="[core] [Server #7] Server
Jan 23 17:38:21 ubuntu1804.localdomain systemd[1]: Started Docker Application Container Engine.
Jan 23 17:38:21 ubuntu1804.localdomain dockerd[14928]: time="2023-01-23T17:38:21.447718085Z" level=info msg="API listen on /run/docker

[4]+  Stopped                 systemctl status docker.service
root@ubuntu1804:~#
root@ubuntu1804:~#
root@ubuntu1804:~# ls /lib/systemd/system/docker.service
/lib/systemd/system/docker.service
root@ubuntu1804:~# cat  /lib/systemd/system/docker.service
[Unit]
Description=Docker Application Container Engine
Documentation=https://docs.docker.com
After=network-online.target docker.socket firewalld.service containerd.service time-set.target
Wants=network-online.target containerd.service
Requires=docker.socket

[Service]
Type=notify
# the default is not to use systemd for cgroups because the delegate issues still
# exists and systemd currently does not support the cgroup feature set required
# for containers run by docker
ExecStart=/usr/bin/dockerd -H fd:// --containerd=/run/containerd/containerd.sock
ExecReload=/bin/kill -s HUP $MAINPID
TimeoutStartSec=0
RestartSec=2
Restart=always

# Note that StartLimit* options were moved from "Service" to "Unit" in systemd 229.
# Both the old, and new location are accepted by systemd 229 and up, so using the old location
# to make them work for either version of systemd.
StartLimitBurst=3

# Note that StartLimitInterval was renamed to StartLimitIntervalSec in systemd 230.
# Both the old, and new name are accepted by systemd 230 and up, so using the old name to make
# this option work for either version of systemd.
StartLimitInterval=60s

# Having non-zero Limit*s causes performance problems due to accounting overhead
# in the kernel. We recommend using cgroups to do container-local accounting.
LimitNOFILE=infinity
LimitNPROC=infinity
LimitCORE=infinity

# Comment TasksMax if your systemd version does not support it.
# Only systemd 226 and above support this option.
TasksMax=infinity

# set delegate yes so that systemd does not reset the cgroups of docker containers
Delegate=yes

# kill only the docker process, not all processes in the cgroup
KillMode=process
OOMScoreAdjust=-500

[Install]
WantedBy=multi-user.target
root@ubuntu1804:~# systemctl diasble --now docker
Unknown operation diasble.
root@ubuntu1804:~# systemctl disable --now docker
Synchronizing state of docker.service with SysV service script with /lib/systemd/systemd-sysv-install.
Executing: /lib/systemd/systemd-sysv-install disable docker
Warning: Stopping docker.service, but it can still be activated by:
  docker.socket
root@ubuntu1804:~# systemctl status docker.service
? docker.service - Docker Application Container Engine
   Loaded: loaded (/lib/systemd/system/docker.service; disabled; vendor preset: enabled)
   Active: inactive (dead) since Mon 2023-01-23 17:51:24 UTC; 14s ago
     Docs: https://docs.docker.com
  Process: 14928 ExecStart=/usr/bin/dockerd -H fd:// --containerd=/run/containerd/containerd.sock (code=exited, status=0/SUCCESS)
 Main PID: 14928 (code=exited, status=0/SUCCESS)

Jan 23 17:38:21 ubuntu1804.localdomain dockerd[14928]: time="2023-01-23T17:38:21.447718085Z" level=info msg="API listen on /run/docker
Jan 23 17:51:24 ubuntu1804.localdomain dockerd[14928]: time="2023-01-23T17:51:24.667742156Z" level=info msg="Processing signal 'termin
Jan 23 17:51:24 ubuntu1804.localdomain dockerd[14928]: time="2023-01-23T17:51:24.669034896Z" level=info msg="[core] [Channel #1] Chann
Jan 23 17:51:24 ubuntu1804.localdomain dockerd[14928]: time="2023-01-23T17:51:24.669092243Z" level=info msg="[core] [Channel #1 SubCha
Jan 23 17:51:24 ubuntu1804.localdomain dockerd[14928]: time="2023-01-23T17:51:24.669129871Z" level=info msg="[core] [Channel #1 SubCha
Jan 23 17:51:24 ubuntu1804.localdomain dockerd[14928]: time="2023-01-23T17:51:24.669152598Z" level=info msg="[core] [Channel #1] Chann
Jan 23 17:51:24 ubuntu1804.localdomain dockerd[14928]: time="2023-01-23T17:51:24.671376564Z" level=info msg="stopping event stream fol
Jan 23 17:51:24 ubuntu1804.localdomain dockerd[14928]: time="2023-01-23T17:51:24.672515715Z" level=info msg="Daemon shutdown complete"
Jan 23 17:51:24 ubuntu1804.localdomain systemd[1]: Stopping Docker Application Container Engine...
Jan 23 17:51:24 ubuntu1804.localdomain systemd[1]: Stopped Docker Application Container Engine.

[5]+  Stopped                 systemctl status docker.service
root@ubuntu1804:~#
root@ubuntu1804:~#
root@ubuntu1804:~# systemctl enable docker.service
Synchronizing state of docker.service with SysV service script with /lib/systemd/systemd-sysv-install.
Executing: /lib/systemd/systemd-sysv-install enable docker
root@ubuntu1804:~# systemctl status docker.service
? docker.service - Docker Application Container Engine
   Loaded: loaded (/lib/systemd/system/docker.service; enabled; vendor preset: enabled)
   Active: inactive (dead) since Mon 2023-01-23 17:51:24 UTC; 54s ago
     Docs: https://docs.docker.com
 Main PID: 14928 (code=exited, status=0/SUCCESS)

Jan 23 17:38:21 ubuntu1804.localdomain dockerd[14928]: time="2023-01-23T17:38:21.447718085Z" level=info msg="API listen on /run/docker
Jan 23 17:51:24 ubuntu1804.localdomain dockerd[14928]: time="2023-01-23T17:51:24.667742156Z" level=info msg="Processing signal 'termin
Jan 23 17:51:24 ubuntu1804.localdomain dockerd[14928]: time="2023-01-23T17:51:24.669034896Z" level=info msg="[core] [Channel #1] Chann
Jan 23 17:51:24 ubuntu1804.localdomain dockerd[14928]: time="2023-01-23T17:51:24.669092243Z" level=info msg="[core] [Channel #1 SubCha
Jan 23 17:51:24 ubuntu1804.localdomain dockerd[14928]: time="2023-01-23T17:51:24.669129871Z" level=info msg="[core] [Channel #1 SubCha
Jan 23 17:51:24 ubuntu1804.localdomain dockerd[14928]: time="2023-01-23T17:51:24.669152598Z" level=info msg="[core] [Channel #1] Chann
Jan 23 17:51:24 ubuntu1804.localdomain dockerd[14928]: time="2023-01-23T17:51:24.671376564Z" level=info msg="stopping event stream fol
Jan 23 17:51:24 ubuntu1804.localdomain dockerd[14928]: time="2023-01-23T17:51:24.672515715Z" level=info msg="Daemon shutdown complete"
Jan 23 17:51:24 ubuntu1804.localdomain systemd[1]: Stopping Docker Application Container Engine...
Jan 23 17:51:24 ubuntu1804.localdomain systemd[1]: Stopped Docker Application Container Engine.
...skipping...
? docker.service - Docker Application Container Engine
   Loaded: loaded (/lib/systemd/system/docker.service; enabled; vendor preset: enabled)
   Active: inactive (dead) since Mon 2023-01-23 17:51:24 UTC; 54s ago
     Docs: https://docs.docker.com
 Main PID: 14928 (code=exited, status=0/SUCCESS)

Jan 23 17:38:21 ubuntu1804.localdomain dockerd[14928]: time="2023-01-23T17:38:21.447718085Z" level=info msg="API listen on /run/docker
Jan 23 17:51:24 ubuntu1804.localdomain dockerd[14928]: time="2023-01-23T17:51:24.667742156Z" level=info msg="Processing signal 'termin
Jan 23 17:51:24 ubuntu1804.localdomain dockerd[14928]: time="2023-01-23T17:51:24.669034896Z" level=info msg="[core] [Channel #1] Chann
Jan 23 17:51:24 ubuntu1804.localdomain dockerd[14928]: time="2023-01-23T17:51:24.669092243Z" level=info msg="[core] [Channel #1 SubCha
Jan 23 17:51:24 ubuntu1804.localdomain dockerd[14928]: time="2023-01-23T17:51:24.669129871Z" level=info msg="[core] [Channel #1 SubCha
Jan 23 17:51:24 ubuntu1804.localdomain dockerd[14928]: time="2023-01-23T17:51:24.669152598Z" level=info msg="[core] [Channel #1] Chann
Jan 23 17:51:24 ubuntu1804.localdomain dockerd[14928]: time="2023-01-23T17:51:24.671376564Z" level=info msg="stopping event stream fol
Jan 23 17:51:24 ubuntu1804.localdomain dockerd[14928]: time="2023-01-23T17:51:24.672515715Z" level=info msg="Daemon shutdown complete"
Jan 23 17:51:24 ubuntu1804.localdomain systemd[1]: Stopping Docker Application Container Engine...
Jan 23 17:51:24 ubuntu1804.localdomain systemd[1]: Stopped Docker Application Container Engine.
~
~
~
~
~
~
~
~
~
~
~
~
~
~
~
~
~
~
~
~
~
~
~
~
~
~
~

[6]+  Stopped                 systemctl status docker.service
root@ubuntu1804:~# systemctl enable --now docker.service
Synchronizing state of docker.service with SysV service script with /lib/systemd/systemd-sysv-install.
Executing: /lib/systemd/systemd-sysv-install enable docker
root@ubuntu1804:~# systemctl status docker.service
? docker.service - Docker Application Container Engine
   Loaded: loaded (/lib/systemd/system/docker.service; enabled; vendor preset: enabled)
   Active: active (running) since Mon 2023-01-23 17:52:40 UTC; 2s ago
     Docs: https://docs.docker.com
 Main PID: 15991 (dockerd)
    Tasks: 8
   CGroup: /system.slice/docker.service
           +-15991 /usr/bin/dockerd -H fd:// --containerd=/run/containerd/containerd.sock

Jan 23 17:52:40 ubuntu1804.localdomain dockerd[15991]: time="2023-01-23T17:52:40.221527964Z" level=info msg="[graphdriver] using prior
Jan 23 17:52:40 ubuntu1804.localdomain dockerd[15991]: time="2023-01-23T17:52:40.232280294Z" level=info msg="Loading containers: start
Jan 23 17:52:40 ubuntu1804.localdomain dockerd[15991]: time="2023-01-23T17:52:40.430964810Z" level=info msg="Default bridge (docker0)
Jan 23 17:52:40 ubuntu1804.localdomain dockerd[15991]: time="2023-01-23T17:52:40.626420915Z" level=info msg="Loading containers: done.
Jan 23 17:52:40 ubuntu1804.localdomain dockerd[15991]: time="2023-01-23T17:52:40.667811305Z" level=warning msg="WARNING: No swap limit
Jan 23 17:52:40 ubuntu1804.localdomain dockerd[15991]: time="2023-01-23T17:52:40.667893278Z" level=info msg="Docker daemon" commit=cba
Jan 23 17:52:40 ubuntu1804.localdomain dockerd[15991]: time="2023-01-23T17:52:40.667975465Z" level=info msg="Daemon has completed init
Jan 23 17:52:40 ubuntu1804.localdomain dockerd[15991]: time="2023-01-23T17:52:40.707865134Z" level=info msg="[core] [Server #7] Server
Jan 23 17:52:40 ubuntu1804.localdomain systemd[1]: Started Docker Application Container Engine.
Jan 23 17:52:40 ubuntu1804.localdomain dockerd[15991]: time="2023-01-23T17:52:40.720870032Z" level=info msg="API listen on /run/docker
lines 1-19/19 (END)
[7]+  Stopped                 systemctl status docker.service
^Z

root@ubuntu1804:~#
root@ubuntu1804:~#
root@ubuntu1804:~# yum install httpd

Command 'yum' not found, but can be installed with:

apt install yum

root@ubuntu1804:~# docker pull httpd
Using default tag: latest
latest: Pulling from library/httpd
8740c948ffd4: Pull complete
70698c657149: Pull complete
00df85967755: Pull complete
ec2ee6bdcb58: Pull complete
8b4456c99d44: Pull complete
Digest: sha256:87a012bf99bf5e3e0f628ac1f69abbeab534282857fba3a359ca3a3f4a02429a
Status: Downloaded newer image for httpd:latest
docker.io/library/httpd:latest
root@ubuntu1804:~# ls -ld
drwx------ 5 root root 4096 Jan 21 04:08 .
root@ubuntu1804:~# cd var
-su: cd: var: No such file or directory
root@ubuntu1804:~# docker images
REPOSITORY   TAG       IMAGE ID       CREATED      SIZE
httpd        latest    6e794a483258   5 days ago   145MB
root@ubuntu1804:~# vim /var/www/html/index.html

[8]+  Stopped                 vim /var/www/html/index.html
root@ubuntu1804:~# cat /var/www/html/index.html
cat: /var/www/html/index.html: No such file or directory
root@ubuntu1804:~# ls /lib/
apparmor       ebtables  init                                  lsb             netplan        systemd   x86_64-linux-gnu
console-setup  firmware  klibc-IYXwqr0atR70aQDgNUuRThfwUwA.so  modprobe.d      open-iscsi     terminfo
crda           hdparm    libhandle.so.1                        modules         recovery-mode  udev
cryptsetup     ifupdown  libhandle.so.1.0.3                    modules-load.d  security       ufw
root@ubuntu1804:~# ls /var/
backups  cache  crash  lib  local  lock  log  mail  opt  run  snap  spool  tmp
root@ubuntu1804:~# ls /var/lib/
AccountsService    dbus    git              logrotate  mlocate    private  ubuntu-advantage         update-notifier
apport             dhcp    grub             lxcfs      os-prober  python   ubuntu-release-upgrader  ureadahead
apt                docker  initramfs-tools  lxd        pam        snapd    ucf                      usbutils
command-not-found  dpkg    landscape        man-db     plymouth   sudo     unattended-upgrades      vim
containerd         gems    locales          misc       polkit-1   systemd  update-manager
root@ubuntu1804:~# vim /var/www/html/index.html

[9]+  Stopped                 vim /var/www/html/index.html
root@ubuntu1804:~# ls -ld /var/www/html/index.html
ls: cannot access '/var/www/html/index.html': No such file or directory
root@ubuntu1804:~# ls -ld /var/www/html/
ls: cannot access '/var/www/html/': No such file or directory
root@ubuntu1804:~# ls -ld /var/www/html
ls: cannot access '/var/www/html': No such file or directory
root@ubuntu1804:~#
root@ubuntu1804:~#
root@ubuntu1804:~#
root@ubuntu1804:~# systemctl status httpd
Unit httpd.service could not be found.
root@ubuntu1804:~# systemctl status httpd.service
Unit httpd.service could not be found.
root@ubuntu1804:~# yum install https

Command 'yum' not found, but can be installed with:

apt install yum

root@ubuntu1804:~# apt install yum
Reading package lists... Done
Building dependency tree
Reading state information... Done
The following additional packages will be installed:
  debugedit libarchive13 libnspr4 libnss3 libpython-stdlib libpython2.7 libpython2.7-minimal libpython2.7-stdlib librpm8
  librpmbuild8 librpmio8 librpmsign8 libsqlite0 python python-libxml2 python-lzma python-minimal python-pycurl python-rpm
  python-sqlite python-sqlitecachec python-urlgrabber python2.7 python2.7-minimal rpm rpm-common rpm2cpio
Suggested packages:
  rpm-i18n lrzip python-doc python-tk libcurl4-gnutls-dev python-pycurl-dbg python-pycurl-doc python-sqlite-dbg python2.7-doc
  binutils binfmt-support alien elfutils rpmlint rpm2html
The following NEW packages will be installed:
  debugedit libarchive13 libnspr4 libnss3 libpython-stdlib libpython2.7 libpython2.7-minimal libpython2.7-stdlib librpm8
  librpmbuild8 librpmio8 librpmsign8 libsqlite0 python python-libxml2 python-lzma python-minimal python-pycurl python-rpm
  python-sqlite python-sqlitecachec python-urlgrabber python2.7 python2.7-minimal rpm rpm-common rpm2cpio yum
0 upgraded, 28 newly installed, 0 to remove and 11 not upgraded.
Need to get 8,137 kB of archives.
After this operation, 32.9 MB of additional disk space will be used.
Do you want to continue? [Y/n] y
Get:1 http://us.archive.ubuntu.com/ubuntu bionic-updates/main amd64 libpython2.7-minimal amd64 2.7.17-1~18.04ubuntu1.10 [336 kB]
Get:2 http://us.archive.ubuntu.com/ubuntu bionic-updates/main amd64 python2.7-minimal amd64 2.7.17-1~18.04ubuntu1.10 [1,290 kB]
Get:3 http://us.archive.ubuntu.com/ubuntu bionic/main amd64 python-minimal amd64 2.7.15~rc1-1 [28.1 kB]
Get:4 http://us.archive.ubuntu.com/ubuntu bionic-updates/main amd64 libpython2.7-stdlib amd64 2.7.17-1~18.04ubuntu1.10 [1,917 kB]
Get:5 http://us.archive.ubuntu.com/ubuntu bionic-updates/main amd64 python2.7 amd64 2.7.17-1~18.04ubuntu1.10 [248 kB]
Get:6 http://us.archive.ubuntu.com/ubuntu bionic/main amd64 libpython-stdlib amd64 2.7.15~rc1-1 [7,620 B]
Get:7 http://us.archive.ubuntu.com/ubuntu bionic/main amd64 python amd64 2.7.15~rc1-1 [140 kB]
Get:8 http://us.archive.ubuntu.com/ubuntu bionic/main amd64 libnspr4 amd64 2:4.18-1ubuntu1 [112 kB]
Get:9 http://us.archive.ubuntu.com/ubuntu bionic-updates/main amd64 libnss3 amd64 2:3.35-2ubuntu2.15 [1,220 kB]
Get:10 http://us.archive.ubuntu.com/ubuntu bionic/universe amd64 librpmio8 amd64 4.14.1+dfsg1-2 [74.6 kB]
Get:11 http://us.archive.ubuntu.com/ubuntu bionic/universe amd64 debugedit amd64 4.14.1+dfsg1-2 [19.1 kB]
Get:12 http://us.archive.ubuntu.com/ubuntu bionic-updates/main amd64 libarchive13 amd64 3.2.2-3.1ubuntu0.7 [288 kB]
Get:13 http://us.archive.ubuntu.com/ubuntu bionic-updates/main amd64 libpython2.7 amd64 2.7.17-1~18.04ubuntu1.10 [1,053 kB]
Get:14 http://us.archive.ubuntu.com/ubuntu bionic/universe amd64 librpm8 amd64 4.14.1+dfsg1-2 [173 kB]
Get:15 http://us.archive.ubuntu.com/ubuntu bionic/universe amd64 librpmbuild8 amd64 4.14.1+dfsg1-2 [70.5 kB]
Get:16 http://us.archive.ubuntu.com/ubuntu bionic/universe amd64 librpmsign8 amd64 4.14.1+dfsg1-2 [8,184 B]
Get:17 http://us.archive.ubuntu.com/ubuntu bionic/universe amd64 libsqlite0 amd64 2.8.17-14fakesync1 [160 kB]
Get:18 http://us.archive.ubuntu.com/ubuntu bionic-updates/main amd64 python-libxml2 amd64 2.9.4+dfsg1-6.1ubuntu1.8 [141 kB]
Get:19 http://us.archive.ubuntu.com/ubuntu bionic/universe amd64 python-lzma amd64 0.5.3-3 [27.9 kB]
Get:20 http://us.archive.ubuntu.com/ubuntu bionic/universe amd64 python-sqlite amd64 1.0.1-12 [20.9 kB]
Get:21 http://us.archive.ubuntu.com/ubuntu bionic/main amd64 python-pycurl amd64 7.43.0.1-0.2 [43.1 kB]
Get:22 http://us.archive.ubuntu.com/ubuntu bionic/main amd64 python-urlgrabber all 3.10.2-1 [51.0 kB]
Get:23 http://us.archive.ubuntu.com/ubuntu bionic/universe amd64 rpm-common amd64 4.14.1+dfsg1-2 [28.7 kB]
Get:24 http://us.archive.ubuntu.com/ubuntu bionic/universe amd64 rpm2cpio amd64 4.14.1+dfsg1-2 [7,988 B]
Get:25 http://us.archive.ubuntu.com/ubuntu bionic/universe amd64 rpm amd64 4.14.1+dfsg1-2 [119 kB]
Get:26 http://us.archive.ubuntu.com/ubuntu bionic/universe amd64 python-rpm amd64 4.14.1+dfsg1-2 [44.7 kB]
Get:27 http://us.archive.ubuntu.com/ubuntu bionic/universe amd64 python-sqlitecachec amd64 1.1.4-1 [21.4 kB]
Get:28 http://us.archive.ubuntu.com/ubuntu bionic/universe amd64 yum all 3.4.3-3 [486 kB]
Fetched 8,137 kB in 20s (411 kB/s)
Selecting previously unselected package libpython2.7-minimal:amd64.
(Reading database ... 106287 files and directories currently installed.)
Preparing to unpack .../0-libpython2.7-minimal_2.7.17-1~18.04ubuntu1.10_amd64.deb ...
Unpacking libpython2.7-minimal:amd64 (2.7.17-1~18.04ubuntu1.10) ...
Selecting previously unselected package python2.7-minimal.
Preparing to unpack .../1-python2.7-minimal_2.7.17-1~18.04ubuntu1.10_amd64.deb ...
Unpacking python2.7-minimal (2.7.17-1~18.04ubuntu1.10) ...
Selecting previously unselected package python-minimal.
Preparing to unpack .../2-python-minimal_2.7.15~rc1-1_amd64.deb ...
Unpacking python-minimal (2.7.15~rc1-1) ...
Selecting previously unselected package libpython2.7-stdlib:amd64.
Preparing to unpack .../3-libpython2.7-stdlib_2.7.17-1~18.04ubuntu1.10_amd64.deb ...
Unpacking libpython2.7-stdlib:amd64 (2.7.17-1~18.04ubuntu1.10) ...
Selecting previously unselected package python2.7.
Preparing to unpack .../4-python2.7_2.7.17-1~18.04ubuntu1.10_amd64.deb ...
Unpacking python2.7 (2.7.17-1~18.04ubuntu1.10) ...
Selecting previously unselected package libpython-stdlib:amd64.
Preparing to unpack .../5-libpython-stdlib_2.7.15~rc1-1_amd64.deb ...
Unpacking libpython-stdlib:amd64 (2.7.15~rc1-1) ...
Setting up libpython2.7-minimal:amd64 (2.7.17-1~18.04ubuntu1.10) ...
Setting up python2.7-minimal (2.7.17-1~18.04ubuntu1.10) ...
Linking and byte-compiling packages for runtime python2.7...
Setting up python-minimal (2.7.15~rc1-1) ...
Selecting previously unselected package python.
(Reading database ... 107035 files and directories currently installed.)
Preparing to unpack .../00-python_2.7.15~rc1-1_amd64.deb ...
Unpacking python (2.7.15~rc1-1) ...
Selecting previously unselected package libnspr4:amd64.
Preparing to unpack .../01-libnspr4_2%3a4.18-1ubuntu1_amd64.deb ...
Unpacking libnspr4:amd64 (2:4.18-1ubuntu1) ...
Selecting previously unselected package libnss3:amd64.
Preparing to unpack .../02-libnss3_2%3a3.35-2ubuntu2.15_amd64.deb ...
Unpacking libnss3:amd64 (2:3.35-2ubuntu2.15) ...
Selecting previously unselected package librpmio8.
Preparing to unpack .../03-librpmio8_4.14.1+dfsg1-2_amd64.deb ...
Unpacking librpmio8 (4.14.1+dfsg1-2) ...
Selecting previously unselected package debugedit.
Preparing to unpack .../04-debugedit_4.14.1+dfsg1-2_amd64.deb ...
Unpacking debugedit (4.14.1+dfsg1-2) ...
Selecting previously unselected package libarchive13:amd64.
Preparing to unpack .../05-libarchive13_3.2.2-3.1ubuntu0.7_amd64.deb ...
Unpacking libarchive13:amd64 (3.2.2-3.1ubuntu0.7) ...
Selecting previously unselected package libpython2.7:amd64.
Preparing to unpack .../06-libpython2.7_2.7.17-1~18.04ubuntu1.10_amd64.deb ...
Unpacking libpython2.7:amd64 (2.7.17-1~18.04ubuntu1.10) ...
Selecting previously unselected package librpm8.
Preparing to unpack .../07-librpm8_4.14.1+dfsg1-2_amd64.deb ...
Unpacking librpm8 (4.14.1+dfsg1-2) ...
Selecting previously unselected package librpmbuild8.
Preparing to unpack .../08-librpmbuild8_4.14.1+dfsg1-2_amd64.deb ...
Unpacking librpmbuild8 (4.14.1+dfsg1-2) ...
Selecting previously unselected package librpmsign8.
Preparing to unpack .../09-librpmsign8_4.14.1+dfsg1-2_amd64.deb ...
Unpacking librpmsign8 (4.14.1+dfsg1-2) ...
Selecting previously unselected package libsqlite0.
Preparing to unpack .../10-libsqlite0_2.8.17-14fakesync1_amd64.deb ...
Unpacking libsqlite0 (2.8.17-14fakesync1) ...
Selecting previously unselected package python-libxml2.
Preparing to unpack .../11-python-libxml2_2.9.4+dfsg1-6.1ubuntu1.8_amd64.deb ...
Unpacking python-libxml2 (2.9.4+dfsg1-6.1ubuntu1.8) ...
Selecting previously unselected package python-lzma.
Preparing to unpack .../12-python-lzma_0.5.3-3_amd64.deb ...
Unpacking python-lzma (0.5.3-3) ...
Selecting previously unselected package python-sqlite.
Preparing to unpack .../13-python-sqlite_1.0.1-12_amd64.deb ...
Unpacking python-sqlite (1.0.1-12) ...
Selecting previously unselected package python-pycurl.
Preparing to unpack .../14-python-pycurl_7.43.0.1-0.2_amd64.deb ...
Unpacking python-pycurl (7.43.0.1-0.2) ...
Selecting previously unselected package python-urlgrabber.
Preparing to unpack .../15-python-urlgrabber_3.10.2-1_all.deb ...
Unpacking python-urlgrabber (3.10.2-1) ...
Selecting previously unselected package rpm-common.
Preparing to unpack .../16-rpm-common_4.14.1+dfsg1-2_amd64.deb ...
Unpacking rpm-common (4.14.1+dfsg1-2) ...
Selecting previously unselected package rpm2cpio.
Preparing to unpack .../17-rpm2cpio_4.14.1+dfsg1-2_amd64.deb ...
Unpacking rpm2cpio (4.14.1+dfsg1-2) ...
Selecting previously unselected package rpm.
Preparing to unpack .../18-rpm_4.14.1+dfsg1-2_amd64.deb ...
Unpacking rpm (4.14.1+dfsg1-2) ...
Selecting previously unselected package python-rpm.
Preparing to unpack .../19-python-rpm_4.14.1+dfsg1-2_amd64.deb ...
Unpacking python-rpm (4.14.1+dfsg1-2) ...
Selecting previously unselected package python-sqlitecachec.
Preparing to unpack .../20-python-sqlitecachec_1.1.4-1_amd64.deb ...
Unpacking python-sqlitecachec (1.1.4-1) ...
Selecting previously unselected package yum.
Preparing to unpack .../21-yum_3.4.3-3_all.deb ...
Unpacking yum (3.4.3-3) ...
Setting up libarchive13:amd64 (3.2.2-3.1ubuntu0.7) ...
Setting up libnspr4:amd64 (2:4.18-1ubuntu1) ...
Setting up libsqlite0 (2.8.17-14fakesync1) ...
Setting up libpython2.7-stdlib:amd64 (2.7.17-1~18.04ubuntu1.10) ...
Setting up python2.7 (2.7.17-1~18.04ubuntu1.10) ...
Setting up libnss3:amd64 (2:3.35-2ubuntu2.15) ...
Setting up libpython-stdlib:amd64 (2.7.15~rc1-1) ...
Setting up libpython2.7:amd64 (2.7.17-1~18.04ubuntu1.10) ...
Setting up python (2.7.15~rc1-1) ...
Setting up python-lzma (0.5.3-3) ...
Setting up librpmio8 (4.14.1+dfsg1-2) ...
Setting up python-sqlitecachec (1.1.4-1) ...
Setting up debugedit (4.14.1+dfsg1-2) ...
Setting up python-pycurl (7.43.0.1-0.2) ...
Setting up python-urlgrabber (3.10.2-1) ...
Setting up python-sqlite (1.0.1-12) ...
Setting up python-libxml2 (2.9.4+dfsg1-6.1ubuntu1.8) ...
Setting up librpm8 (4.14.1+dfsg1-2) ...
Setting up rpm-common (4.14.1+dfsg1-2) ...
Setting up librpmsign8 (4.14.1+dfsg1-2) ...
Setting up librpmbuild8 (4.14.1+dfsg1-2) ...
Setting up rpm2cpio (4.14.1+dfsg1-2) ...
Setting up python-rpm (4.14.1+dfsg1-2) ...
Setting up rpm (4.14.1+dfsg1-2) ...
Setting up yum (3.4.3-3) ...
Processing triggers for libc-bin (2.27-3ubuntu1.6) ...
Processing triggers for man-db (2.8.3-2ubuntu0.1) ...
Processing triggers for mime-support (3.60ubuntu1) ...
root@ubuntu1804:~#
root@ubuntu1804:~#
root@ubuntu1804:~# yum install httpd
There are no enabled repos.
 Run "yum repolist all" to see the repos you have.
 You can enable repos with yum-config-manager --enable <repo>
root@ubuntu1804:~# yum repolist all
repolist: 0
root@ubuntu1804:~# yum install httpd -y
There are no enabled repos.
 Run "yum repolist all" to see the repos you have.
 You can enable repos with yum-config-manager --enable <repo>
root@ubuntu1804:~# yum-config-manager --enable httpd

Command 'yum-config-manager' not found, but can be installed with:

apt install yum-utils

root@ubuntu1804:~#
root@ubuntu1804:~#
root@ubuntu1804:~# exit
logout
There are stopped jobs.
root@ubuntu1804:~#
root@ubuntu1804:~# systemctl status docker.service
? docker.service - Docker Application Container Engine
   Loaded: loaded (/lib/systemd/system/docker.service; enabled; vendor preset: enabled)
   Active: active (running) since Mon 2023-01-23 17:52:40 UTC; 23min ago
     Docs: https://docs.docker.com
 Main PID: 15991 (dockerd)
    Tasks: 9
   CGroup: /system.slice/docker.service
           +-15991 /usr/bin/dockerd -H fd:// --containerd=/run/containerd/containerd.sock

Jan 23 17:52:40 ubuntu1804.localdomain dockerd[15991]: time="2023-01-23T17:52:40.221527964Z" level=info msg="[graphdriver] using prior
Jan 23 17:52:40 ubuntu1804.localdomain dockerd[15991]: time="2023-01-23T17:52:40.232280294Z" level=info msg="Loading containers: start
Jan 23 17:52:40 ubuntu1804.localdomain dockerd[15991]: time="2023-01-23T17:52:40.430964810Z" level=info msg="Default bridge (docker0)
Jan 23 17:52:40 ubuntu1804.localdomain dockerd[15991]: time="2023-01-23T17:52:40.626420915Z" level=info msg="Loading containers: done.
Jan 23 17:52:40 ubuntu1804.localdomain dockerd[15991]: time="2023-01-23T17:52:40.667811305Z" level=warning msg="WARNING: No swap limit
Jan 23 17:52:40 ubuntu1804.localdomain dockerd[15991]: time="2023-01-23T17:52:40.667893278Z" level=info msg="Docker daemon" commit=cba
Jan 23 17:52:40 ubuntu1804.localdomain dockerd[15991]: time="2023-01-23T17:52:40.667975465Z" level=info msg="Daemon has completed init
Jan 23 17:52:40 ubuntu1804.localdomain dockerd[15991]: time="2023-01-23T17:52:40.707865134Z" level=info msg="[core] [Server #7] Server
Jan 23 17:52:40 ubuntu1804.localdomain systemd[1]: Started Docker Application Container Engine.
Jan 23 17:52:40 ubuntu1804.localdomain dockerd[15991]: time="2023-01-23T17:52:40.720870032Z" level=info msg="API listen on /run/docker
lines 1-19/19 (END)
[10]+  Stopped                 systemctl status docker.service
^Z^Z

root@ubuntu1804:~#
root@ubuntu1804:~#
root@ubuntu1804:~# systemctl stop docker.service
Warning: Stopping docker.service, but it can still be activated by:
  docker.socket
root@ubuntu1804:~# exit
logout
There are stopped jobs.
root@ubuntu1804:~# jobs
[1]   Stopped                 systemctl status docker
[2]   Stopped                 systemctl status docker
[3]   Stopped                 systemctl status docker
[4]   Stopped                 systemctl status docker.service
[5]   Stopped                 systemctl status docker.service
[6]   Stopped                 systemctl status docker.service
[7]   Stopped                 systemctl status docker.service
[8]   Stopped                 vim /var/www/html/index.html
[9]-  Stopped                 vim /var/www/html/index.html
[10]+  Stopped                 systemctl status docker.service
root@ubuntu1804:~# logout
Vim: Caught deadly signal TERM
Vim: preserving files...
Vim: Caught deadly signal TERM
Vim: preserving files...
Vim: Finished.
Vim: Finished.

vagrant@ubuntu1804:~$ exit
logout

bhara@DESKTOP-SSN6PB4  ~/devops/provision/vagrant/ubuntu
$ vagrant status
Current machine states:

default                   running (virtualbox)

The VM is running. To stop this VM, you can run `vagrant halt` to
shut it down forcefully, or you can run `vagrant suspend` to simply
suspend the virtual machine. In either case, to restart it again,
simply run `vagrant up`.

bhara@DESKTOP-SSN6PB4  ~/devops/provision/vagrant/ubuntu
$ vagrant halt
==> default: Attempting graceful shutdown of VM...

bhara@DESKTOP-SSN6PB4  ~/devops/provision/vagrant/ubuntu
$ exit
exit

C:\WINDOWS\system32>date
The current date is: 23-01-2023
Enter the new date: (dd-mm-yy)

C:\WINDOWS\system32>bash

bhara@DESKTOP-SSN6PB4  /c/WINDOWS/system32
$ date
Mon Jan 23 23:48:42 IST 2023

bhara@DESKTOP-SSN6PB4  /c/WINDOWS/system32
$ exit
exit

C:\WINDOWS\system32>