Microsoft Windows [Version 10.0.19045.2364]
(c) Microsoft Corporation. All rights reserved.

C:\WINDOWS\system32>bash

bhara@DESKTOP-SSN6PB4  /c/WINDOWS/system32
$ cd ~

bhara@DESKTOP-SSN6PB4  ~
$ cd devops/provision/vagrant/ubuntu/

bhara@DESKTOP-SSN6PB4  ~/devops/provision/vagrant/ubuntu
$ vagrant status
Current machine states:

default                   poweroff (virtualbox)

The VM is powered off. To restart the VM, simply run `vagrant up`

bhara@DESKTOP-SSN6PB4  ~/devops/provision/vagrant/ubuntu
$ vagrant yp
Usage: vagrant [options] <command> [<args>]

    -h, --help                       Print this help.

Common commands:
     autocomplete    manages autocomplete installation on host
     box             manages boxes: installation, removal, etc.
     cloud           manages everything related to Vagrant Cloud
     destroy         stops and deletes all traces of the vagrant machine
     global-status   outputs status Vagrant environments for this user
     halt            stops the vagrant machine
     help            shows the help for a subcommand
     hostmanager     plugin: vagrant-hostmanager: manages the /etc/hosts file within a multi-machine environment
     init            initializes a new Vagrant environment by creating a Vagrantfile
     login
     package         packages a running vagrant environment into a box
     plugin          manages plugins: install, uninstall, update, etc.
     port            displays information about guest port mappings
     powershell      connects to machine via powershell remoting
     provision       provisions the vagrant machine
     push            deploys code in this environment to a configured destination
     rdp             connects to machine via RDP
     reload          restarts vagrant machine, loads new Vagrantfile configuration
     resume          resume a suspended vagrant machine
     serve           start Vagrant server
     snapshot        manages snapshots: saving, restoring, etc.
     ssh             connects to machine via SSH
     ssh-config      outputs OpenSSH valid configuration to connect to the machine
     status          outputs status of the vagrant machine
     suspend         suspends the machine
     up              starts and provisions the vagrant environment
     upload          upload to machine via communicator
     validate        validates the Vagrantfile
     version         prints current and latest Vagrant version
     winrm           executes commands on a machine via WinRM
     winrm-config    outputs WinRM configuration to connect to the machine

For help on any individual command run `vagrant COMMAND -h`

Additional subcommands are available, but are either more advanced
or not commonly used. To see all subcommands, run the command
`vagrant list-commands`.
        --[no-]color                 Enable or disable color output
        --machine-readable           Enable machine readable output
    -v, --version                    Display Vagrant version
        --debug                      Enable debug output
        --timestamp                  Enable timestamps on log output
        --debug-timestamp            Enable debug output with timestamps
        --no-tty                     Enable non-interactive output

bhara@DESKTOP-SSN6PB4  ~/devops/provision/vagrant/ubuntu
$ vagrant up
Bringing machine 'default' up with 'virtualbox' provider...
==> default: Checking if box 'generic/ubuntu1804' version '4.2.8' is up to date...
==> default: Clearing any previously set forwarded ports...
==> default: Clearing any previously set network interfaces...
==> default: Preparing network interfaces based on configuration...
    default: Adapter 1: nat
==> default: Forwarding ports...
    default: 22 (guest) => 2222 (host) (adapter 1)
==> default: Running 'pre-boot' VM customizations...
==> default: Booting VM...
==> default: Waiting for machine to boot. This may take a few minutes...
    default: SSH address: 127.0.0.1:2222
    default: SSH username: vagrant
    default: SSH auth method: private key
==> default: Machine booted and ready!
==> default: Checking for guest additions in VM...
    default: The guest additions on this VM do not match the installed version of
    default: VirtualBox! In most cases this is fine, but in rare cases it can
    default: prevent things such as shared folders from working properly. If you see
    default: shared folder errors, please make sure the guest additions within the
    default: virtual machine match the version of VirtualBox you have installed on
    default: your host and reload your VM.
    default:
    default: Guest Additions Version: 5.2.42
    default: VirtualBox Version: 7.0
==> default: Machine already provisioned. Run `vagrant provision` or use the `--provision`
==> default: flag to force provisioning. Provisioners marked to run always will still run.

bhara@DESKTOP-SSN6PB4  ~/devops/provision/vagrant/ubuntu
$ vagrant ssh
Last login: Fri Jan  6 15:37:23 2023 from 10.0.2.2
vagrant@ubuntu1804:~$ sudo su -
root@ubuntu1804:~# systemctl
UNIT                                                                                LOAD   ACTIVE SUB       DESCRIPTION
proc-sys-fs-binfmt_misc.automount                                                   loaded active running   Arbitrary Executable File
sys-devices-pci0000:00-0000:00:03.0-net-eth0.device                                 loaded active plugged   82540EM Gigabit Ethernet C
sys-devices-pci0000:00-0000:00:0d.0-ata3-host2-target2:0:0-2:0:0:0-block-sda-sda1.device loaded active plugged   VBOX_HARDDISK 1
sys-devices-pci0000:00-0000:00:0d.0-ata3-host2-target2:0:0-2:0:0:0-block-sda-sda2.device loaded active plugged   VBOX_HARDDISK 2
sys-devices-pci0000:00-0000:00:0d.0-ata3-host2-target2:0:0-2:0:0:0-block-sda-sda3.device loaded active plugged   VBOX_HARDDISK 3
sys-devices-pci0000:00-0000:00:0d.0-ata3-host2-target2:0:0-2:0:0:0-block-sda.device loaded active plugged   VBOX_HARDDISK
sys-devices-platform-serial8250-tty-ttyS0.device                                    loaded active plugged   /sys/devices/platform/seri
sys-devices-platform-serial8250-tty-ttyS1.device                                    loaded active plugged   /sys/devices/platform/seri
sys-devices-platform-serial8250-tty-ttyS10.device                                   loaded active plugged   /sys/devices/platform/seri
sys-devices-platform-serial8250-tty-ttyS11.device                                   loaded active plugged   /sys/devices/platform/seri
sys-devices-platform-serial8250-tty-ttyS12.device                                   loaded active plugged   /sys/devices/platform/seri
sys-devices-platform-serial8250-tty-ttyS13.device                                   loaded active plugged   /sys/devices/platform/seri
sys-devices-platform-serial8250-tty-ttyS14.device                                   loaded active plugged   /sys/devices/platform/seri
sys-devices-platform-serial8250-tty-ttyS15.device                                   loaded active plugged   /sys/devices/platform/seri
sys-devices-platform-serial8250-tty-ttyS16.device                                   loaded active plugged   /sys/devices/platform/seri
sys-devices-platform-serial8250-tty-ttyS17.device                                   loaded active plugged   /sys/devices/platform/seri
sys-devices-platform-serial8250-tty-ttyS18.device                                   loaded active plugged   /sys/devices/platform/seri
sys-devices-platform-serial8250-tty-ttyS19.device                                   loaded active plugged   /sys/devices/platform/seri
sys-devices-platform-serial8250-tty-ttyS2.device                                    loaded active plugged   /sys/devices/platform/seri
sys-devices-platform-serial8250-tty-ttyS20.device                                   loaded active plugged   /sys/devices/platform/seri
sys-devices-platform-serial8250-tty-ttyS21.device                                   loaded active plugged   /sys/devices/platform/seri
sys-devices-platform-serial8250-tty-ttyS22.device                                   loaded active plugged   /sys/devices/platform/seri
sys-devices-platform-serial8250-tty-ttyS23.device                                   loaded active plugged   /sys/devices/platform/seri
sys-devices-platform-serial8250-tty-ttyS24.device                                   loaded active plugged   /sys/devices/platform/seri
sys-devices-platform-serial8250-tty-ttyS25.device                                   loaded active plugged   /sys/devices/platform/seri
sys-devices-platform-serial8250-tty-ttyS26.device                                   loaded active plugged   /sys/devices/platform/seri
sys-devices-platform-serial8250-tty-ttyS27.device                                   loaded active plugged   /sys/devices/platform/seri
sys-devices-platform-serial8250-tty-ttyS28.device                                   loaded active plugged   /sys/devices/platform/seri
sys-devices-platform-serial8250-tty-ttyS29.device                                   loaded active plugged   /sys/devices/platform/seri
sys-devices-platform-serial8250-tty-ttyS3.device                                    loaded active plugged   /sys/devices/platform/seri
sys-devices-platform-serial8250-tty-ttyS30.device                                   loaded active plugged   /sys/devices/platform/seri
sys-devices-platform-serial8250-tty-ttyS31.device                                   loaded active plugged   /sys/devices/platform/seri
sys-devices-platform-serial8250-tty-ttyS4.device                                    loaded active plugged   /sys/devices/platform/seri
sys-devices-platform-serial8250-tty-ttyS5.device                                    loaded active plugged   /sys/devices/platform/seri
sys-devices-platform-serial8250-tty-ttyS6.device                                    loaded active plugged   /sys/devices/platform/seri
sys-devices-platform-serial8250-tty-ttyS7.device                                    loaded active plugged   /sys/devices/platform/seri
sys-devices-platform-serial8250-tty-ttyS8.device                                    loaded active plugged   /sys/devices/platform/seri
sys-devices-platform-serial8250-tty-ttyS9.device                                    loaded active plugged   /sys/devices/platform/seri
sys-devices-virtual-misc-rfkill.device                                              loaded active plugged   /sys/devices/virtual/misc/
sys-devices-virtual-tty-ttyprintk.device                                            loaded active plugged   /sys/devices/virtual/tty/t
sys-module-configfs.device                                                          loaded active plugged   /sys/module/configfs
sys-module-fuse.device                                                              loaded active plugged   /sys/module/fuse

root@ubuntu1804:~#

bhara@DESKTOP-SSN6PB4  ~/devops/provision/vagrant/ubuntu
$ vagrant ssh
Last login: Sat Jan  7 05:24:50 2023 from 10.0.2.2
vagrant@ubuntu1804:~$ sudo su -
root@ubuntu1804:~# systemctl status docker
Unit docker.service could not be found.
root@ubuntu1804:~# curl -fsSL https://test.docker.com -o test-docker.sh
root@ubuntu1804:~# sh test-docker.sh
# Executing docker install script, commit: 4f282167c425347a931ccfd95cc91fab041d414f
+ sh -c apt-get update -qq >/dev/null
+ sh -c DEBIAN_FRONTEND=noninteractive apt-get install -y -qq apt-transport-https ca-certificates curl >/dev/null
+ sh -c mkdir -p /etc/apt/keyrings && chmod -R 0755 /etc/apt/keyrings
+ sh -c curl -fsSL "https://download.docker.com/linux/ubuntu/gpg" | gpg --dearmor --yes -o /etc/apt/keyrings/docker.gpg
+ sh -c chmod a+r /etc/apt/keyrings/docker.gpg
+ sh -c echo "deb [arch=amd64 signed-by=/etc/apt/keyrings/docker.gpg] https://download.docker.com/linux/ubuntu bionic test" > /etc/apt/sources.list.d/docker.list
+ sh -c apt-get update -qq >/dev/null
+ sh -c DEBIAN_FRONTEND=noninteractive apt-get install -y -qq --no-install-recommends docker-ce docker-ce-cli containerd.io docker-compose-plugin docker-scan-plugin docker-buildx-plugin >/dev/null
+ version_gte 20.10
+ [ -z  ]
+ return 0
+ sh -c DEBIAN_FRONTEND=noninteractive apt-get install -y -qq docker-ce-rootless-extras >/dev/null
+ sh -c docker version
Client: Docker Engine - Community
 Version:           23.0.0-rc.1
 API version:       1.42
 Go version:        go1.19.4
 Git commit:        139e924
 Built:             Thu Dec 22 23:36:50 2022
 OS/Arch:           linux/amd64
 Context:           default

Server: Docker Engine - Community
 Engine:
  Version:          23.0.0-rc.1
  API version:      1.42 (minimum version 1.12)
  Go version:       go1.19.4
  Git commit:       cba986b
  Built:            Thu Dec 22 23:36:50 2022
  OS/Arch:          linux/amd64
  Experimental:     false
 containerd:
  Version:          1.6.14
  GitCommit:        9ba4b250366a5ddde94bb7c9d1def331423aa323
 runc:
  Version:          1.1.4
  GitCommit:        v1.1.4-0-g5fd4c4d
 docker-init:
  Version:          0.19.0
  GitCommit:        de40ad0

================================================================================

To run Docker as a non-privileged user, consider setting up the
Docker daemon in rootless mode for your user:

    dockerd-rootless-setuptool.sh install

Visit https://docs.docker.com/go/rootless/ to learn about rootless mode.


To run the Docker daemon as a fully privileged service, but granting non-root
users access, refer to https://docs.docker.com/go/daemon-access/

WARNING: Access to the remote API on a privileged Docker daemon is equivalent
         to root access on the host. Refer to the 'Docker daemon attack surface'
         documentation for details: https://docs.docker.com/go/attack-surface/

================================================================================

root@ubuntu1804:~# ^C
root@ubuntu1804:~#

bhara@DESKTOP-SSN6PB4  ~/devops/provision/vagrant/ubuntu
$ vagrant ssh
Last login: Sat Jan  7 05:26:18 2023 from 10.0.2.2
vagrant@ubuntu1804:~$ sudo su -
root@ubuntu1804:~# systemctl status docker
? docker.service - Docker Application Container Engine
   Loaded: loaded (/lib/systemd/system/docker.service; enabled; vendor preset: enabled)
   Active: active (running) since Sat 2023-01-07 05:29:56 UTC; 19min ago
     Docs: https://docs.docker.com
 Main PID: 2989 (dockerd)
    Tasks: 9
   CGroup: /system.slice/docker.service
           +-2989 /usr/bin/dockerd -H fd:// --containerd=/run/containerd/containerd.sock

Jan 07 05:29:55 ubuntu1804.localdomain dockerd[2989]: time="2023-01-07T05:29:55.182151534Z" level=info msg="[core] [Channel #4] Channe
Jan 07 05:29:55 ubuntu1804.localdomain dockerd[2989]: time="2023-01-07T05:29:55.298594771Z" level=info msg="Loading containers: start.
Jan 07 05:29:55 ubuntu1804.localdomain dockerd[2989]: time="2023-01-07T05:29:55.802477049Z" level=info msg="Default bridge (docker0) i
Jan 07 05:29:56 ubuntu1804.localdomain dockerd[2989]: time="2023-01-07T05:29:56.143826121Z" level=info msg="Loading containers: done."
Jan 07 05:29:56 ubuntu1804.localdomain dockerd[2989]: time="2023-01-07T05:29:56.190038621Z" level=warning msg="WARNING: No swap limit
Jan 07 05:29:56 ubuntu1804.localdomain dockerd[2989]: time="2023-01-07T05:29:56.190498695Z" level=info msg="Docker daemon" commit=cba9
Jan 07 05:29:56 ubuntu1804.localdomain dockerd[2989]: time="2023-01-07T05:29:56.191046444Z" level=info msg="Daemon has completed initi
Jan 07 05:29:56 ubuntu1804.localdomain dockerd[2989]: time="2023-01-07T05:29:56.283739695Z" level=info msg="[core] [Server #7] Server
Jan 07 05:29:56 ubuntu1804.localdomain systemd[1]: Started Docker Application Container Engine.
Jan 07 05:29:56 ubuntu1804.localdomain dockerd[2989]: time="2023-01-07T05:29:56.319833726Z" level=info msg="API listen on /run/docker.
lines 1-19/19 (END)
root@ubuntu1804:~#

bhara@DESKTOP-SSN6PB4  ~/devops/provision/vagrant/ubuntu
$ systemctl enable docker.service
bash: systemctl: command not found

bhara@DESKTOP-SSN6PB4  ~/devops/provision/vagrant/ubuntu
$ vagrant ssh
Last login: Sat Jan  7 05:49:08 2023 from 10.0.2.2
vagrant@ubuntu1804:~$ sudo su -
root@ubuntu1804:~# systemctl enable docker.service
Synchronizing state of docker.service with SysV service script with /lib/systemd/systemd-sysv-install.
Executing: /lib/systemd/systemd-sysv-install enable docker
root@ubuntu1804:~# cat /lib/systemd/systemd-sysv-install | grep enable
# This script is called by "systemctl enable/disable" when the given unit is a
    echo "Usage: $0 [--root=path] enable|disable|is-enabled <sysv script name>" >&2
    enable)
        # call the command to enable SysV init script $NAME here..
        run "$NAME" enable
    is-enabled)
        # exit with 0 if $NAME is enabled, non-zero if it is disabled
root@ubuntu1804:~# cat /lib/systemd/systemd-sysv-install | grep docker
root@ubuntu1804:~# docker images
REPOSITORY   TAG       IMAGE ID   CREATED   SIZE
root@ubuntu1804:~# ls /var/lib/docker/
buildkit  containers  engine-id  image  network  overlay2  plugins  runtimes  swarm  tmp  volumes
root@ubuntu1804:~# docker info
Client:
 Context:    default
 Debug Mode: false
 Plugins:
  buildx: Docker Buildx (Docker Inc.)
    Version:  v0.10.0-rc2
    Path:     /usr/libexec/docker/cli-plugins/docker-buildx
  compose: Docker Compose (Docker Inc.)
    Version:  v2.14.2
    Path:     /usr/libexec/docker/cli-plugins/docker-compose
  scan: Docker Scan (Docker Inc.)
    Version:  v0.23.0
    Path:     /usr/libexec/docker/cli-plugins/docker-scan

Server:
 Containers: 0
  Running: 0
  Paused: 0
  Stopped: 0
 Images: 0
 Server Version: 23.0.0-rc.1
 Storage Driver: overlay2
  Backing Filesystem: extfs
  Supports d_type: true
  Using metacopy: false
  Native Overlay Diff: true
  userxattr: false
 Logging Driver: json-file
 Cgroup Driver: cgroupfs
 Cgroup Version: 1
 Plugins:
  Volume: local
  Network: bridge host ipvlan macvlan null overlay
  Log: awslogs fluentd gcplogs gelf journald json-file local logentries splunk syslog
 Swarm: inactive
 Runtimes: io.containerd.runc.v2 runc
 Default Runtime: runc
 Init Binary: docker-init
 containerd version: 9ba4b250366a5ddde94bb7c9d1def331423aa323
 runc version: v1.1.4-0-g5fd4c4d
 init version: de40ad0
 Security Options:
  apparmor
  seccomp
   Profile: builtin
 Kernel Version: 4.15.0-200-generic
 Operating System: Ubuntu 18.04.6 LTS
 OSType: linux
 Architecture: x86_64
 CPUs: 2
 Total Memory: 1.946GiB
 Name: ubuntu1804.localdomain
 ID: 41c429f9-5b54-4f76-9547-71705dc2a7ad
 Docker Root Dir: /var/lib/docker
 Debug Mode: false
 Registry: https://index.docker.io/v1/
 Experimental: false
 Insecure Registries:
  127.0.0.0/8
 Live Restore Enabled: false

WARNING: No swap limit support
root@ubuntu1804:~# docker info | grep root
WARNING: No swap limit support
root@ubuntu1804:~# docker info | grep dir
WARNING: No swap limit support
root@ubuntu1804:~# ls /var/lib/docker/image/overlay2/
distribution  imagedb  layerdb  repositories.json
root@ubuntu1804:~# cat /var/lib/docker/image/overlay2/
cat: /var/lib/docker/image/overlay2/: Is a directory
root@ubuntu1804:~# cat /var/lib/docker/image/overlay2/repositories.json
{"Repositories":{}}root@ubuntu1804:~#
root@ubuntu1804:~#
root@ubuntu1804:~# docker pull docker.io/nginx:latest
latest: Pulling from library/nginx
3f4ca61aafcd: Pull complete
50c68654b16f: Pull complete
3ed295c083ec: Pull complete
40b838968eea: Pull complete
88d3ab68332d: Pull complete
5f63362a3fa3: Pull complete
Digest: sha256:0047b729188a15da49380d9506d65959cce6d40291ccfb4e039f5dc7efd33286
Status: Downloaded newer image for nginx:latest
docker.io/library/nginx:latest
root@ubuntu1804:~# cat /var/lib/docker/image/overlay2/repositories.json
{"Repositories":{"nginx":{"nginx:latest":"sha256:1403e55ab369cd1c8039c34e6b4d47ca40bbde39c371254c7cba14756f472f52","nginx@sha256:0047b729188a15da49380d9506d65959cce6d40291ccfb4e039f5dc7efd33286":"sha256:1403e55ab369cd1c8039c34e6b4d47ca40bbde39c371254c7cba14756f472f52"}}}root@ubuntu1804:~# docker images
REPOSITORY   TAG       IMAGE ID       CREATED       SIZE
nginx        latest    1403e55ab369   2 weeks ago   142MB
root@ubuntu1804:~# docker info
Client:
 Context:    default
 Debug Mode: false
 Plugins:
  buildx: Docker Buildx (Docker Inc.)
    Version:  v0.10.0-rc2
    Path:     /usr/libexec/docker/cli-plugins/docker-buildx
  compose: Docker Compose (Docker Inc.)
    Version:  v2.14.2
    Path:     /usr/libexec/docker/cli-plugins/docker-compose
  scan: Docker Scan (Docker Inc.)
    Version:  v0.23.0
    Path:     /usr/libexec/docker/cli-plugins/docker-scan

Server:
 Containers: 0
  Running: 0
  Paused: 0
  Stopped: 0
 Images: 1
 Server Version: 23.0.0-rc.1
 Storage Driver: overlay2
  Backing Filesystem: extfs
  Supports d_type: true
  Using metacopy: false
  Native Overlay Diff: true
  userxattr: false
 Logging Driver: json-file
 Cgroup Driver: cgroupfs
 Cgroup Version: 1
 Plugins:
  Volume: local
  Network: bridge host ipvlan macvlan null overlay
  Log: awslogs fluentd gcplogs gelf journald json-file local logentries splunk syslog
 Swarm: inactive
 Runtimes: runc io.containerd.runc.v2
 Default Runtime: runc
 Init Binary: docker-init
 containerd version: 9ba4b250366a5ddde94bb7c9d1def331423aa323
 runc version: v1.1.4-0-g5fd4c4d
 init version: de40ad0
 Security Options:
  apparmor
  seccomp
   Profile: builtin
 Kernel Version: 4.15.0-200-generic
 Operating System: Ubuntu 18.04.6 LTS
 OSType: linux
 Architecture: x86_64
 CPUs: 2
 Total Memory: 1.946GiB
 Name: ubuntu1804.localdomain
 ID: 41c429f9-5b54-4f76-9547-71705dc2a7ad
 Docker Root Dir: /var/lib/docker
 Debug Mode: false
 Registry: https://index.docker.io/v1/
 Experimental: false
 Insecure Registries:
  127.0.0.0/8
 Live Restore Enabled: false

WARNING: No swap limit support
root@ubuntu1804:~# docker info | grep -i dir
WARNING: No swap limit support
 Docker Root Dir: /var/lib/docker
root@ubuntu1804:~# docker image inspect nginx
[
    {
        "Id": "sha256:1403e55ab369cd1c8039c34e6b4d47ca40bbde39c371254c7cba14756f472f52",
        "RepoTags": [
            "nginx:latest"
        ],
        "RepoDigests": [
            "nginx@sha256:0047b729188a15da49380d9506d65959cce6d40291ccfb4e039f5dc7efd33286"
        ],
        "Parent": "",
        "Comment": "",
        "Created": "2022-12-21T11:28:36.032076444Z",
        "Container": "998db7a2435fd5f47cc2066317b9c502c84c6d386ee02e932fcae89b956d64d1",
        "ContainerConfig": {
            "Hostname": "998db7a2435f",
            "Domainname": "",
            "User": "",
            "AttachStdin": false,
            "AttachStdout": false,
            "AttachStderr": false,
            "ExposedPorts": {
                "80/tcp": {}
            },
            "Tty": false,
            "OpenStdin": false,
            "StdinOnce": false,
            "Env": [
                "PATH=/usr/local/sbin:/usr/local/bin:/usr/sbin:/usr/bin:/sbin:/bin",
                "NGINX_VERSION=1.23.3",
                "NJS_VERSION=0.7.9",
                "PKG_RELEASE=1~bullseye"
            ],
            "Cmd": [
                "/bin/sh",
                "-c",
                "#(nop) ",
                "CMD [\"nginx\" \"-g\" \"daemon off;\"]"
            ],
            "Image": "sha256:54be6ffbe9af301b35b9af81ecfae9044801d34e735798a0607839ba6a10ff23",
            "Volumes": null,
            "WorkingDir": "",
            "Entrypoint": [
                "/docker-entrypoint.sh"
            ],
            "OnBuild": null,
            "Labels": {
                "maintainer": "NGINX Docker Maintainers <docker-maint@nginx.com>"
            },
            "StopSignal": "SIGQUIT"
        },
        "DockerVersion": "20.10.12",
        "Author": "",
        "Config": {
            "Hostname": "",
            "Domainname": "",
            "User": "",
            "AttachStdin": false,
            "AttachStdout": false,
            "AttachStderr": false,
            "ExposedPorts": {
                "80/tcp": {}
            },
            "Tty": false,
            "OpenStdin": false,
            "StdinOnce": false,
            "Env": [
                "PATH=/usr/local/sbin:/usr/local/bin:/usr/sbin:/usr/bin:/sbin:/bin",
                "NGINX_VERSION=1.23.3",
                "NJS_VERSION=0.7.9",
                "PKG_RELEASE=1~bullseye"
            ],
            "Cmd": [
                "nginx",
                "-g",
                "daemon off;"
            ],
            "Image": "sha256:54be6ffbe9af301b35b9af81ecfae9044801d34e735798a0607839ba6a10ff23",
            "Volumes": null,
            "WorkingDir": "",
            "Entrypoint": [
                "/docker-entrypoint.sh"
            ],
            "OnBuild": null,
            "Labels": {
                "maintainer": "NGINX Docker Maintainers <docker-maint@nginx.com>"
            },
            "StopSignal": "SIGQUIT"
        },
        "Architecture": "amd64",
        "Os": "linux",
        "Size": 141812353,
        "VirtualSize": 141812353,
        "GraphDriver": {
            "Data": {
                "LowerDir": "/var/lib/docker/overlay2/788d1db7af9e93b06120b534e0c0476020b21234f381ff5831436515b0f891fd/diff:/var/lib/docker/overlay2/0fe20e7fcf4943087a837b15d1c0b5d73c7591b21d446a592de94d32430daa1d/diff:/var/lib/docker/overlay2/4d2345550ffa7c368bc0b984571737d1e49f4fabcb90ffa865e2e05a26dfe858/diff:/var/lib/docker/overlay2/ed1dc8da4f13e5f4973ce8ed0360a57f51179b7ea8d74ffcb00b4050e2474121/diff:/var/lib/docker/overlay2/e817877cc1565a9c2c0c7ddfe72f6a079842dd1b87d2fc0d25c3b94e914c8fd9/diff",
                "MergedDir": "/var/lib/docker/overlay2/f4dd1ad08e557254b9364e820a841ac409e33e16de95f1946c5e61e80814ec35/merged",
                "UpperDir": "/var/lib/docker/overlay2/f4dd1ad08e557254b9364e820a841ac409e33e16de95f1946c5e61e80814ec35/diff",
                "WorkDir": "/var/lib/docker/overlay2/f4dd1ad08e557254b9364e820a841ac409e33e16de95f1946c5e61e80814ec35/work"
            },
            "Name": "overlay2"
        },
        "RootFS": {
            "Type": "layers",
            "Layers": [
                "sha256:8a70d251b65364698f195f5a0b424e0d67de81307b79afbe662abd797068a069",
                "sha256:2dadbc36c170719f910a91a5417bf49deabd05bc39ccff3819a391462675ecd0",
                "sha256:2b3eec3578075bf2ebce00bd6958f1c21b4b5624fcdde301a01b4bda7b8a9bc7",
                "sha256:d13aea24d2cb0aee650b72ffa8a0c7863a5b06327542ae46fe5987f223cb836c",
                "sha256:9a0ef04f57f54323637935c32b46a2cae3e0451a39b1c306d5b4bc6d4f479e0b",
                "sha256:c72d75f45e5b50e9d16b482faac4646268abc644f1bd68dc2f45100defcf08a2"
            ]
        },
        "Metadata": {
            "LastTagTime": "0001-01-01T00:00:00Z"
        }
    }
]
root@ubuntu1804:~# ls /var/lib/docker/overlay2
0fe20e7fcf4943087a837b15d1c0b5d73c7591b21d446a592de94d32430daa1d  ed1dc8da4f13e5f4973ce8ed0360a57f51179b7ea8d74ffcb00b4050e2474121
4d2345550ffa7c368bc0b984571737d1e49f4fabcb90ffa865e2e05a26dfe858  f4dd1ad08e557254b9364e820a841ac409e33e16de95f1946c5e61e80814ec35
788d1db7af9e93b06120b534e0c0476020b21234f381ff5831436515b0f891fd  l
e817877cc1565a9c2c0c7ddfe72f6a079842dd1b87d2fc0d25c3b94e914c8fd9
root@ubuntu1804:~# df -hT /var
Filesystem     Type  Size  Used Avail Use% Mounted on
/dev/sda3      ext4  124G  3.3G  114G   3% /
root@ubuntu1804:~# df -hT
Filesystem     Type      Size  Used Avail Use% Mounted on
udev           devtmpfs  965M     0  965M   0% /dev
tmpfs          tmpfs     200M  5.9M  194M   3% /run
/dev/sda3      ext4      124G  3.3G  114G   3% /
tmpfs          tmpfs     997M     0  997M   0% /dev/shm
tmpfs          tmpfs     5.0M     0  5.0M   0% /run/lock
tmpfs          tmpfs     997M     0  997M   0% /sys/fs/cgroup
/dev/sda1      ext4      462M  148M  286M  35% /boot
tmpfs          tmpfs     200M     0  200M   0% /run/user/1000
root@ubuntu1804:~# lsblk
NAME   MAJ:MIN RM   SIZE RO TYPE MOUNTPOINT
sda      8:0    0   128G  0 disk
+-sda1   8:1    0   487M  0 part /boot
+-sda2   8:2    0   1.9G  0 part [SWAP]
+-sda3   8:3    0 125.6G  0 part /
root@ubuntu1804:~# docker system df
TYPE            TOTAL     ACTIVE    SIZE      RECLAIMABLE
Images          1         0         141.8MB   141.8MB (100%)
Containers      0         0         0B        0B
Local Volumes   0         0         0B        0B
Build Cache     0         0         0B        0B
root@ubuntu1804:~# docker search docker.io/nginx
NAME                                              DESCRIPTION                                     STARS     OFFICIAL   AUTOMATED
nginx                                             Official build of Nginx.                        17913     [OK]
bitnami/nginx                                     Bitnami nginx Docker Image                      149                  [OK]
bitnami/nginx-ingress-controller                  Bitnami Docker Image for NGINX Ingress Contr…   23                   [OK]
ubuntu/nginx                                      Nginx, a high-performance reverse proxy & we…   73
kasmweb/nginx                                     An Nginx image based off nginx:alpine and in…   4
rancher/nginx-ingress-controller                                                                  11
rancher/nginx-ingress-controller-defaultbackend                                                   2
bitnami/nginx-exporter                                                                            3
rancher/nginx                                                                                     2
ibmcom/nginx-ingress-controller                   Docker Image for IBM Cloud Private-CE (Commu…   4
vmware/nginx-photon                                                                               1
ibmcom/nginx-ingress-controller-ppc64le           Docker Image for IBM Cloud Private-CE (Commu…   0
rapidfort/nginx-ib                                RapidFort optimized, hardened image for NGIN…   0
rapidfort/nginx                                   RapidFort optimized, hardened image for NGINX   2
ibmcom/nginx-ppc64le                              Docker image for nginx-ppc64le                  0
bitnami/nginx-ldap-auth-daemon                                                                    3
wallarm/nginx-ingress-controller                  Kubernetes Ingress Controller with Wallarm e…   1
vmware/nginx                                                                                      2
rancher/nginx-conf                                                                                0
linuxserver/nginx                                 An Nginx container, brought to you by LinuxS…   181
rapidfort/nginx-official                          RapidFort optimized, hardened image for NGIN…   0
bitnami/nginx-intel                                                                               1
rancher/nginx-ssl                                                                                 0
circleci/nginx                                    This image is for internal use                  2
continuumio/nginx-ingress-ws                                                                      0
root@ubuntu1804:~# wc docker search docker.io/nginx
wc: docker: No such file or directory
wc: search: No such file or directory
wc: docker.io/nginx: No such file or directory
0 0 0 total
root@ubuntu1804:~# docker info
Client:
 Context:    default
 Debug Mode: false
 Plugins:
  buildx: Docker Buildx (Docker Inc.)
    Version:  v0.10.0-rc2
    Path:     /usr/libexec/docker/cli-plugins/docker-buildx
  compose: Docker Compose (Docker Inc.)
    Version:  v2.14.2
    Path:     /usr/libexec/docker/cli-plugins/docker-compose
  scan: Docker Scan (Docker Inc.)
    Version:  v0.23.0
    Path:     /usr/libexec/docker/cli-plugins/docker-scan

Server:
 Containers: 0
  Running: 0
  Paused: 0
  Stopped: 0
 Images: 1
 Server Version: 23.0.0-rc.1
 Storage Driver: overlay2
  Backing Filesystem: extfs
  Supports d_type: true
  Using metacopy: false
  Native Overlay Diff: true
  userxattr: false
 Logging Driver: json-file
 Cgroup Driver: cgroupfs
 Cgroup Version: 1
 Plugins:
  Volume: local
  Network: bridge host ipvlan macvlan null overlay
  Log: awslogs fluentd gcplogs gelf journald json-file local logentries splunk syslog
 Swarm: inactive
 Runtimes: io.containerd.runc.v2 runc
 Default Runtime: runc
 Init Binary: docker-init
 containerd version: 9ba4b250366a5ddde94bb7c9d1def331423aa323
 runc version: v1.1.4-0-g5fd4c4d
 init version: de40ad0
 Security Options:
  apparmor
  seccomp
   Profile: builtin
 Kernel Version: 4.15.0-200-generic
 Operating System: Ubuntu 18.04.6 LTS
 OSType: linux
 Architecture: x86_64
 CPUs: 2
 Total Memory: 1.946GiB
 Name: ubuntu1804.localdomain
 ID: 41c429f9-5b54-4f76-9547-71705dc2a7ad
 Docker Root Dir: /var/lib/docker
 Debug Mode: false
 Registry: https://index.docker.io/v1/
 Experimental: false
 Insecure Registries:
  127.0.0.0/8
 Live Restore Enabled: false

WARNING: No swap limit support
root@ubuntu1804:~# docker search registry.access.redhat.com/httpd
NAME                                               DESCRIPTION                                     STARS     OFFICIAL   AUTOMATED
ubi9/httpd-24                                      rhcc_registry.access.redhat.com_ubi9/httpd-24   0
rhscl/httpd-24-rhel7                               Apache HTTP 2.4 Server                          0
rhscl/varnish-4-rhel7                              Varnish 4 high-performance HTTP accelerator     0
rhmap45/httpd                                      Provides an extension to the RHSCL Httpd ima…   0
rhmap44/httpd                                      Provides an extension to the RHSCL Httpd Doc…   0
rhmap42/httpd                                      Provides an extension to the RHSCL Httpd Doc…   0
openshift3/ose-egress-http-proxy                   This is the egress router HTTP proxy for Ope…   0
rhmap46/httpd                                      Provides an extension to the RHSCL Httpd ima…   0
cloudforms47/cfme-openshift-httpd                  CloudForms 4.7 APP image for OpenShift          0
rhscl/varnish-6-rhel7                              Varnish available as container is a base pla…   0
cloudforms46-beta/cfme-openshift-httpd             CloudForms is a management and automation pl…   0
ubi8/httpd-24                                      Platform for running Apache httpd 2.4 or bui…   0
cloudforms46/cfme-openshift-httpd                  Web Server image for a multi-pod Red Hat® Cl…   0
rhmap43/httpd                                      Provides an extension to the RHSCL Httpd Doc…   0
rhmap47/httpd                                      Provides an extension to the RHSCL Httpd ima…   0
rhscl/varnish-5-rhel7                              Varnish available as container is a base pla…   0
openshift3/prometheus-alert-buffer                 A small server that saves incoming webhook J…   0
openshift3/ose-f5-router                           The F5 router plug-in integrates with an exi…   0
openshift3/ose-haproxy-router                      Default router implementation for OpenShift …   0
cloudforms46-beta/cfme-httpd-configmap-generator   CloudForms is a management and automation pl…   0
cloudforms46/cfme-httpd-configmap-generator        External Authentication configuration mappin…   0
cloudforms47/cfme-httpd-configmap-generator        CloudForms 4.7 APP image for OpenShift          0
rhscl/s2i-core-rhel7                               The s2i core container image serves as a bas…   0
rhscl/nginx-112-rhel7                              Nginx is a web server and a reverse proxy se…   0
cloudforms46/cfme-openshift-app                    Red Hat® CloudForms Appliance image to be us…   0
3scale-amp22/backend                               3scale is an API Management Platform suitabl…   0
rhscl/nginx-114-rhel7                              Nginx is a web server and a reverse proxy se…   0
root@ubuntu1804:~# docker pull registry.access.redhat.com/ubi9/httpd-24
Using default tag: latest
latest: Pulling from ubi9/httpd-24
04dc13843981: Pull complete
176fc1146d3f: Pull complete
98b6a0815c04: Pull complete
Digest: sha256:f0e195c9962985b5d62a295e2373316b9146500357847ceb0a033ae9e0b67d7b
Status: Downloaded newer image for registry.access.redhat.com/ubi9/httpd-24:latest
registry.access.redhat.com/ubi9/httpd-24:latest
root@ubuntu1804:~# docker images
REPOSITORY                                 TAG       IMAGE ID       CREATED       SIZE
nginx                                      latest    1403e55ab369   2 weeks ago   142MB
registry.access.redhat.com/ubi9/httpd-24   latest    e5c0d1ddb1f5   5 weeks ago   366MB
root@ubuntu1804:~# docker rmi e5c0d1ddb1f5
Untagged: registry.access.redhat.com/ubi9/httpd-24:latest
Untagged: registry.access.redhat.com/ubi9/httpd-24@sha256:f0e195c9962985b5d62a295e2373316b9146500357847ceb0a033ae9e0b67d7b
Deleted: sha256:e5c0d1ddb1f5ed7c26bcc6c561fe4dca1e27937c825d2ca4cee6f3d404c93546
Deleted: sha256:b85e0ac29e266927cf6c64a8ca17255f4d4ae06ad01a563b48541cdfc65f4295
Deleted: sha256:bc5d3d997a97e12914b3696056a5b952a934ce6b24f808a81a2cc46acc9b8f9a
Deleted: sha256:ce9d08ae8f9927d284c3e9cd8e01fb1ccb35f3ccb58316e99172a48fb539f003
root@ubuntu1804:~# docker pull docker.io/ramprkashupadhyay/ex288
Using default tag: latest
Error response from daemon: pull access denied for ramprkashupadhyay/ex288, repository does not exist or may require 'docker login': denied: requested access to the resource is denied
root@ubuntu1804:~# docker login
Login with your Docker ID to push and pull images from Docker Hub. If you don't have a Docker ID, head over to https://hub.docker.com to create one.
Username:
Error: Non-null Username Required
root@ubuntu1804:~# docker images
REPOSITORY   TAG       IMAGE ID       CREATED       SIZE
nginx        latest    1403e55ab369   2 weeks ago   142MB
root@ubuntu1804:~# docker pull redis
Using default tag: latest
latest: Pulling from library/redis
3f4ca61aafcd: Already exists
c3775af77098: Pull complete
fa7c5c7e501c: Pull complete
4059b4d2a3ce: Pull complete
6bc523bfb16a: Pull complete
20bf15ad3c24: Pull complete
Digest: sha256:8184cfe57f205ab34c62bd0e9552dffeb885d2a7f82ce4295c0df344cb6f0007
Status: Downloaded newer image for redis:latest
docker.io/library/redis:latest
root@ubuntu1804:~# docker pull postgres
Using default tag: latest
latest: Pulling from library/postgres
3f4ca61aafcd: Already exists
048d3078d446: Pull complete
c6d23b4fe6c1: Pull complete
d846f6946dd5: Pull complete
76f7157f330d: Pull complete
4eacfb0464b2: Pull complete
5c197e2b597b: Pull complete
2c4576649951: Pull complete
1ae267d32d50: Pull complete
03048c1132b5: Pull complete
bdee410b6909: Pull complete
d3354a8bfb14: Pull complete
0105a87d8ff9: Pull complete
Digest: sha256:f4cd32e7a418d9c9ba043e7d561243388202b654c740bcc85ca40b41d9fb4f1e
Status: Downloaded newer image for postgres:latest
docker.io/library/postgres:latest
root@ubuntu1804:~# docker images
REPOSITORY   TAG       IMAGE ID       CREATED       SIZE
postgres     latest    a26eb6069868   2 weeks ago   379MB
redis        latest    0256c63af7db   2 weeks ago   117MB
nginx        latest    1403e55ab369   2 weeks ago   142MB
root@ubuntu1804:~# docker system df
TYPE            TOTAL     ACTIVE    SIZE      RECLAIMABLE
Images          3         0         476.4MB   476.4MB (100%)
Containers      0         0         0B        0B
Local Volumes   0         0         0B        0B
Build Cache     0         0         0B        0B
root@ubuntu1804:~# docker rmi -f $(docker images -q)
Untagged: postgres:latest
Untagged: postgres@sha256:f4cd32e7a418d9c9ba043e7d561243388202b654c740bcc85ca40b41d9fb4f1e
Deleted: sha256:a26eb6069868e4bfd0095788e541bb40711861bdfb2a8252103dea85cc0758aa
Deleted: sha256:73b81b35fa573e4f729e9a26a5d2ccab4c3ed6a1ed4f5464ca4883508e485b1c
Deleted: sha256:1caae16dd573e3c0759130b66b1e964aa5e78d1026d3e95469dfca3ffd50cb6a
Deleted: sha256:63a54560258d47025565ff7dcc4823b9890b62b01f425776b717359016901144
Deleted: sha256:b9a8015ddecae124ae95b200e2e8c1605a00e829259a43ef30ae3b6e93d8d086
Deleted: sha256:56ffd917f37fa0598af1adf1f4e0eac9b79bd78616e576afa181f60c230e6eca
Deleted: sha256:1a24afe05d08074ffd6f36e0d90c076c8af14c63a214373f0114cdd61004f0ff
Deleted: sha256:6db0369dd7f2e693cffaec685407266b7998da11745ee72e5fb463664a1d92c7
Deleted: sha256:a2445eb333edd04d417c6ad63bf0f8d56bf8371d9960e98dbbaf89039f57f1ef
Deleted: sha256:0eb1216f2e75f61441f2b8d700eb052c504f41ba81df7693a0aa21ece24c5434
Deleted: sha256:d91c9dc760d6c79827a3226617838e009a809cda0907711287ac43f25c3c2113
Deleted: sha256:986c1576e81d258abaac31a9dd0a05a62b3b1df42b7518f6a85d8d5656514e14
Deleted: sha256:8bf15f159b4ff03bafec40993ea940fdb497ac5b99f827fee2800dae57161fe8
Untagged: redis:latest
Untagged: redis@sha256:8184cfe57f205ab34c62bd0e9552dffeb885d2a7f82ce4295c0df344cb6f0007
Deleted: sha256:0256c63af7dbecdb8783029521d1bcaf02d194d1451ad8cddc193352b6caedd0
Deleted: sha256:11d3e7496f9435aa17c32e96886c8b89b6dbe8be9e8263ba9bc5c6fd44e632bb
Deleted: sha256:95219880a66576cc49e294f293d22234c3518c3bbe64dbdf75a1e79b870e41f5
Deleted: sha256:34edf27afa3279288ef024346a04b38d4d4984c5c1f6c8e7781a19242094ea22
Deleted: sha256:710a4b769aced88d2336e11741d3041664a2b442ccfe0a8fae2ee0391cd7c6ac
Deleted: sha256:555a4acbdb957b13ce0e5320a106dba38014f72d84dcab6ca989ce7ab505308f
Untagged: nginx:latest
Untagged: nginx@sha256:0047b729188a15da49380d9506d65959cce6d40291ccfb4e039f5dc7efd33286
Deleted: sha256:1403e55ab369cd1c8039c34e6b4d47ca40bbde39c371254c7cba14756f472f52
Deleted: sha256:0274f249eda4c376bde7cbe0b719ea3aef10201846d7262f37f7a0fc0b4fcf90
Deleted: sha256:e01fc49cb889c5dd6b11390e9863ba00f886315c5a403ee5955fb5c88d2aa576
Deleted: sha256:b2a367ee540c5d40c704fdece005b422f55f85a61b96a25bd99d6847669958a0
Deleted: sha256:2c1c6d39cbcc4767b0798aacc03f203951057e77c5edebca1fdfbcd4997f2919
Deleted: sha256:d260638126e1d2d3202dec36b67f124624fbcdad3afedd334e7260bf75dad8da
Deleted: sha256:8a70d251b65364698f195f5a0b424e0d67de81307b79afbe662abd797068a069
root@ubuntu1804:~# docker images
REPOSITORY   TAG       IMAGE ID   CREATED   SIZE
root@ubuntu1804:~# docker system df
TYPE            TOTAL     ACTIVE    SIZE      RECLAIMABLE
Images          0         0         0B        0B
Containers      0         0         0B        0B
Local Volumes   0         0         0B        0B
Build Cache     0         0         0B        0B
root@ubuntu1804:~# docker image prune
WARNING! This will remove all dangling images.
Are you sure you want to continue? [y/N] y
Total reclaimed space: 0B
root@ubuntu1804:~# docker volume prune
WARNING! This will remove all local volumes not used by at least one container.
Are you sure you want to continue? [y/N] y
Total reclaimed space: 0B
root@ubuntu1804:~# systemctl is-active docker
active
root@ubuntu1804:~#