Microsoft Windows [Version 10.0.19045.2364]
(c) Microsoft Corporation. All rights reserved.

C:\WINDOWS\system32>bash

bhara@DESKTOP-SSN6PB4  /c/WINDOWS/system32
$ cd ~

bhara@DESKTOP-SSN6PB4  ~
$ cd devops/provision/vagrant/ubuntu/

bhara@DESKTOP-SSN6PB4  ~/devops/provision/vagrant/ubuntu
$ vagrant plugin list
vagrant-hostmanager (1.8.9, global)

bhara@DESKTOP-SSN6PB4  ~/devops/provision/vagrant/ubuntu
$ vagrant status
Current machine states:

default                   poweroff (virtualbox)

The VM is powered off. To restart the VM, simply run `vagrant up`

bhara@DESKTOP-SSN6PB4  ~/devops/provision/vagrant/ubuntu
$ vagrant up
Bringing machine 'default' up with 'virtualbox' provider...
==> default: Checking if box 'generic/ubuntu1804' version '4.2.8' is up to date...
==> default: Clearing any previously set forwarded ports...
==> default: Clearing any previously set network interfaces...
==> default: Preparing network interfaces based on configuration...
    default: Adapter 1: nat
==> default: Forwarding ports...
    default: 22 (guest) => 2222 (host) (adapter 1)
==> default: Running 'pre-boot' VM customizations...
==> default: Booting VM...
==> default: Waiting for machine to boot. This may take a few minutes...
    default: SSH address: 127.0.0.1:2222
    default: SSH username: vagrant
    default: SSH auth method: private key
==> default: Machine booted and ready!
==> default: Checking for guest additions in VM...
    default: The guest additions on this VM do not match the installed version of
    default: VirtualBox! In most cases this is fine, but in rare cases it can
    default: prevent things such as shared folders from working properly. If you see
    default: shared folder errors, please make sure the guest additions within the
    default: virtual machine match the version of VirtualBox you have installed on
    default: your host and reload your VM.
    default:
    default: Guest Additions Version: 5.2.42
    default: VirtualBox Version: 7.0
==> default: Machine already provisioned. Run `vagrant provision` or use the `--provision`
==> default: flag to force provisioning. Provisioners marked to run always will still run.

bhara@DESKTOP-SSN6PB4  ~/devops/provision/vagrant/ubuntu
$ vagrant ssh
Last login: Sat Jan  7 05:53:55 2023 from 10.0.2.2
vagrant@ubuntu1804:~$ sudo su -
root@ubuntu1804:~# docker images
REPOSITORY   TAG       IMAGE ID   CREATED   SIZE
root@ubuntu1804:~# docker pull nginx
Using default tag: latest
latest: Pulling from library/nginx
3f4ca61aafcd: Pull complete
50c68654b16f: Pull complete
3ed295c083ec: Pull complete
40b838968eea: Pull complete
88d3ab68332d: Pull complete
5f63362a3fa3: Pull complete
Digest: sha256:0047b729188a15da49380d9506d65959cce6d40291ccfb4e039f5dc7efd33286
Status: Downloaded newer image for nginx:latest
docker.io/library/nginx:latest
root@ubuntu1804:~# docker history nginx
IMAGE          CREATED       CREATED BY                                      SIZE      COMMENT
1403e55ab369   2 weeks ago   /bin/sh -c #(nop)  CMD ["nginx" "-g" "daemon…   0B
<missing>      2 weeks ago   /bin/sh -c #(nop)  STOPSIGNAL SIGQUIT           0B
<missing>      2 weeks ago   /bin/sh -c #(nop)  EXPOSE 80                    0B
<missing>      2 weeks ago   /bin/sh -c #(nop)  ENTRYPOINT ["/docker-entr…   0B
<missing>      2 weeks ago   /bin/sh -c #(nop) COPY file:e57eef017a414ca7…   4.62kB
<missing>      2 weeks ago   /bin/sh -c #(nop) COPY file:abbcbf84dc17ee44…   1.27kB
<missing>      2 weeks ago   /bin/sh -c #(nop) COPY file:5c18272734349488…   2.12kB
<missing>      2 weeks ago   /bin/sh -c #(nop) COPY file:7b307b62e82255f0…   1.62kB
<missing>      2 weeks ago   /bin/sh -c set -x     && addgroup --system -…   61.3MB
<missing>      2 weeks ago   /bin/sh -c #(nop)  ENV PKG_RELEASE=1~bullseye   0B
<missing>      2 weeks ago   /bin/sh -c #(nop)  ENV NJS_VERSION=0.7.9        0B
<missing>      2 weeks ago   /bin/sh -c #(nop)  ENV NGINX_VERSION=1.23.3     0B
<missing>      2 weeks ago   /bin/sh -c #(nop)  LABEL maintainer=NGINX Do…   0B
<missing>      2 weeks ago   /bin/sh -c #(nop)  CMD ["bash"]                 0B
<missing>      2 weeks ago   /bin/sh -c #(nop) ADD file:73e68ae6852c9afbb…   80.5MB
root@ubuntu1804:~# docker history nginx --no-trunc
IMAGE                                                                     CREATED       CREATED BY                                                                                                                                                                                                                                                                                                                                                                                                                                                                                                                                                                                                                                                                                                                                                                                                                                                                                                                                                                                                                                                                                                                                                                                                                                                                                                                                                                                                                                                                                                                                                                                                                                                                                                                                                                                                                                                                                                                                                                                                                                                                                                                                                                                                                                                                                                                                                                                                                                                                                                                                                                                                                                                                                                                                                                                                                                                                                                                                                                                                                                                                                                                                                                                                                 SIZE      COMMENT
sha256:1403e55ab369cd1c8039c34e6b4d47ca40bbde39c371254c7cba14756f472f52   2 weeks ago   /bin/sh -c #(nop)  CMD ["nginx" "-g" "daemon off;"]                                                                                                                                                                                                                                                                                                                                                                                                                                                                                                                                                                                                                                                                                                                                                                                                                                                                                                                                                                                                                                                                                                                                                                                                                                                                                                                                                                                                                                                                                                                                                                                                                                                                                                                                                                                                                                                                                                                                                                                                                                                                                                                                                                                                                                                                                                                                                                                                                                                                                                                                                                                                                                                                                                                                                                                                                                                                                                                                                                                                                                                                                                                                                                        0B
<missing>                                                                 2 weeks ago   /bin/sh -c #(nop)  STOPSIGNAL SIGQUIT                                                                                                                                                                                                                                                                                                                                                                                                                                                                                                                                                                                                                                                                                                                                                                                                                                                                                                                                                                                                                                                                                                                                                                                                                                                                                                                                                                                                                                                                                                                                                                                                                                                                                                                                                                                                                                                                                                                                                                                                                                                                                                                                                                                                                                                                                                                                                                                                                                                                                                                                                                                                                                                                                                                                                                                                                                                                                                                                                                                                                                                                                                                                                                                      0B
<missing>                                                                 2 weeks ago   /bin/sh -c #(nop)  EXPOSE 80                                                                                                                                                                                                                                                                                                                                                                                                                                                                                                                                                                                                                                                                                                                                                                                                                                                                                                                                                                                                                                                                                                                                                                                                                                                                                                                                                                                                                                                                                                                                                                                                                                                                                                                                                                                                                                                                                                                                                                                                                                                                                                                                                                                                                                                                                                                                                                                                                                                                                                                                                                                                                                                                                                                                                                                                                                                                                                                                                                                                                                                                                                                                                                                               0B
<missing>                                                                 2 weeks ago   /bin/sh -c #(nop)  ENTRYPOINT ["/docker-entrypoint.sh"]                                                                                                                                                                                                                                                                                                                                                                                                                                                                                                                                                                                                                                                                                                                                                                                                                                                                                                                                                                                                                                                                                                                                                                                                                                                                                                                                                                                                                                                                                                                                                                                                                                                                                                                                                                                                                                                                                                                                                                                                                                                                                                                                                                                                                                                                                                                                                                                                                                                                                                                                                                                                                                                                                                                                                                                                                                                                                                                                                                                                                                                                                                                                                                    0B
<missing>                                                                 2 weeks ago   /bin/sh -c #(nop) COPY file:e57eef017a414ca793499729d80a7b9075790c9a804f930f1417e56d506970cf in /docker-entrypoint.d                                                                                                                                                                                                                                                                                                                                                                                                                                                                                                                                                                                                                                                                                                                                                                                                                                                                                                                                                                                                                                                                                                                                                                                                                                                                                                                                                                                                                                                                                                                                                                                                                                                                                                                                                                                                                                                                                                                                                                                                                                                                                                                                                                                                                                                                                                                                                                                                                                                                                                                                                                                                                                                                                                                                                                                                                                                                                                                                                                                                                                                                                                       4.62kB
<missing>                                                                 2 weeks ago   /bin/sh -c #(nop) COPY file:abbcbf84dc17ee4454b6b2e3cf914be88e02cf84d344ec45a5b31235379d722a in /docker-entrypoint.d                                                                                                                                                                                                                                                                                                                                                                                                                                                                                                                                                                                                                                                                                                                                                                                                                                                                                                                                                                                                                                                                                                                                                                                                                                                                                                                                                                                                                                                                                                                                                                                                                                                                                                                                                                                                                                                                                                                                                                                                                                                                                                                                                                                                                                                                                                                                                                                                                                                                                                                                                                                                                                                                                                                                                                                                                                                                                                                                                                                                                                                                                                       1.27kB
<missing>                                                                 2 weeks ago   /bin/sh -c #(nop) COPY file:5c18272734349488bd0c94ec8d382c872c1a0a435cca13bd4671353d6021d2cb in /docker-entrypoint.d                                                                                                                                                                                                                                                                                                                                                                                                                                                                                                                                                                                                                                                                                                                                                                                                                                                                                                                                                                                                                                                                                                                                                                                                                                                                                                                                                                                                                                                                                                                                                                                                                                                                                                                                                                                                                                                                                                                                                                                                                                                                                                                                                                                                                                                                                                                                                                                                                                                                                                                                                                                                                                                                                                                                                                                                                                                                                                                                                                                                                                                                                                       2.12kB
<missing>                                                                 2 weeks ago   /bin/sh -c #(nop) COPY file:7b307b62e82255f040c9812421a30090bf9abf3685f27b02d77fcca99f997911 in /                                                                                                                                                                                                                                                                                                                                                                                                                                                                                                                                                                                                                                                                                                                                                                                                                                                                                                                                                                                                                                                                                                                                                                                                                                                                                                                                                                                                                                                                                                                                                                                                                                                                                                                                                                                                                                                                                                                                                                                                                                                                                                                                                                                                                                                                                                                                                                                                                                                                                                                                                                                                                                                                                                                                                                                                                                                                                                                                                                                                                                                                                                                          1.62kB
<missing>                                                                 2 weeks ago   /bin/sh -c set -x     && addgroup --system --gid 101 nginx     && adduser --system --disabled-login --ingroup nginx --no-create-home --home /nonexistent --gecos "nginx user" --shell /bin/false --uid 101 nginx     && apt-get update     && apt-get install --no-install-recommends --no-install-suggests -y gnupg1 ca-certificates     &&     NGINX_GPGKEY=573BFD6B3D8FBC641079A6ABABF5BD827BD9BF62;     found='';     for server in         hkp://keyserver.ubuntu.com:80         pgp.mit.edu     ; do         echo "Fetching GPG key $NGINX_GPGKEY from $server";         apt-key adv --keyserver "$server" --keyserver-options timeout=10 --recv-keys "$NGINX_GPGKEY" && found=yes && break;     done;     test -z "$found" && echo >&2 "error: failed to fetch GPG key $NGINX_GPGKEY" && exit 1;     apt-get remove --purge --auto-remove -y gnupg1 && rm -rf /var/lib/apt/lists/*     && dpkgArch="$(dpkg --print-architecture)"     && nginxPackages="         nginx=${NGINX_VERSION}-${PKG_RELEASE}         nginx-module-xslt=${NGINX_VERSION}-${PKG_RELEASE}         nginx-module-geoip=${NGINX_VERSION}-${PKG_RELEASE}         nginx-module-image-filter=${NGINX_VERSION}-${PKG_RELEASE}         nginx-module-njs=${NGINX_VERSION}+${NJS_VERSION}-${PKG_RELEASE}     "     && case "$dpkgArch" in         amd64|arm64)             echo "deb https://nginx.org/packages/mainline/debian/ bullseye nginx" >> /etc/apt/sources.list.d/nginx.list             && apt-get update             ;;         *)             echo "deb-src https://nginx.org/packages/mainline/debian/ bullseye nginx" >> /etc/apt/sources.list.d/nginx.list                         && tempDir="$(mktemp -d)"             && chmod 777 "$tempDir"                         && savedAptMark="$(apt-mark showmanual)"                         && apt-get update             && apt-get build-dep -y $nginxPackages             && (                 cd "$tempDir"                 && DEB_BUILD_OPTIONS="nocheck parallel=$(nproc)"                     apt-get source --compile $nginxPackages             )                         && apt-mark showmanual | xargs apt-mark auto > /dev/null             && { [ -z "$savedAptMark" ] || apt-mark manual $savedAptMark; }                         && ls -lAFh "$tempDir"             && ( cd "$tempDir" && dpkg-scanpackages . > Packages )             && grep '^Package: ' "$tempDir/Packages"             && echo "deb [ trusted=yes ] file://$tempDir ./" > /etc/apt/sources.list.d/temp.list             && apt-get -o Acquire::GzipIndexes=false update             ;;     esac         && apt-get install --no-install-recommends --no-install-suggests -y                         $nginxPackages                         gettext-base                         curl     && apt-get remove --purge --auto-remove -y && rm -rf /var/lib/apt/lists/* /etc/apt/sources.list.d/nginx.list         && if [ -n "$tempDir" ]; then         apt-get purge -y --auto-remove         && rm -rf "$tempDir" /etc/apt/sources.list.d/temp.list;     fi     && ln -sf /dev/stdout /var/log/nginx/access.log     && ln -sf /dev/stderr /var/log/nginx/error.log     && mkdir /docker-entrypoint.d   61.3MB
<missing>                                                                 2 weeks ago   /bin/sh -c #(nop)  ENV PKG_RELEASE=1~bullseye                                                                                                                                                                                                                                                                                                                                                                                                                                                                                                                                                                                                                                                                                                                                                                                                                                                                                                                                                                                                                                                                                                                                                                                                                                                                                                                                                                                                                                                                                                                                                                                                                                                                                                                                                                                                                                                                                                                                                                                                                                                                                                                                                                                                                                                                                                                                                                                                                                                                                                                                                                                                                                                                                                                                                                                                                                                                                                                                                                                                                                                                                                                                                                              0B
<missing>                                                                 2 weeks ago   /bin/sh -c #(nop)  ENV NJS_VERSION=0.7.9                                                                                                                                                                                                                                                                                                                                                                                                                                                                                                                                                                                                                                                                                                                                                                                                                                                                                                                                                                                                                                                                                                                                                                                                                                                                                                                                                                                                                                                                                                                                                                                                                                                                                                                                                                                                                                                                                                                                                                                                                                                                                                                                                                                                                                                                                                                                                                                                                                                                                                                                                                                                                                                                                                                                                                                                                                                                                                                                                                                                                                                                                                                                                                                   0B
<missing>                                                                 2 weeks ago   /bin/sh -c #(nop)  ENV NGINX_VERSION=1.23.3                                                                                                                                                                                                                                                                                                                                                                                                                                                                                                                                                                                                                                                                                                                                                                                                                                                                                                                                                                                                                                                                                                                                                                                                                                                                                                                                                                                                                                                                                                                                                                                                                                                                                                                                                                                                                                                                                                                                                                                                                                                                                                                                                                                                                                                                                                                                                                                                                                                                                                                                                                                                                                                                                                                                                                                                                                                                                                                                                                                                                                                                                                                                                                                0B
<missing>                                                                 2 weeks ago   /bin/sh -c #(nop)  LABEL maintainer=NGINX Docker Maintainers <docker-maint@nginx.com>                                                                                                                                                                                                                                                                                                                                                                                                                                                                                                                                                                                                                                                                                                                                                                                                                                                                                                                                                                                                                                                                                                                                                                                                                                                                                                                                                                                                                                                                                                                                                                                                                                                                                                                                                                                                                                                                                                                                                                                                                                                                                                                                                                                                                                                                                                                                                                                                                                                                                                                                                                                                                                                                                                                                                                                                                                                                                                                                                                                                                                                                                                                                      0B
<missing>                                                                 2 weeks ago   /bin/sh -c #(nop)  CMD ["bash"]                                                                                                                                                                                                                                                                                                                                                                                                                                                                                                                                                                                                                                                                                                                                                                                                                                                                                                                                                                                                                                                                                                                                                                                                                                                                                                                                                                                                                                                                                                                                                                                                                                                                                                                                                                                                                                                                                                                                                                                                                                                                                                                                                                                                                                                                                                                                                                                                                                                                                                                                                                                                                                                                                                                                                                                                                                                                                                                                                                                                                                                                                                                                                                                            0B
<missing>                                                                 2 weeks ago   /bin/sh -c #(nop) ADD file:73e68ae6852c9afbb2989dc9c5b7c6668843f454b1bdcfb48658bfbc6c4af69e in /                                                                                                                                                                                                                                                                                                                                                                                                                                                                                                                                                                                                                                                                                                                                                                                                                                                                                                                                                                                                                                                                                                                                                                                                                                                                                                                                                                                                                                                                                                                                                                                                                                                                                                                                                                                                                                                                                                                                                                                                                                                                                                                                                                                                                                                                                                                                                                                                                                                                                                                                                                                                                                                                                                                                                                                                                                                                                                                                                                                                                                                                                                                           80.5MB
root@ubuntu1804:~# docker history nginx --no-trunc --human
IMAGE                                                                     CREATED       CREATED BY                                                                                                                                                                                                                                                                                                                                                                                                                                                                                                                                                                                                                                                                                                                                                                                                                                                                                                                                                                                                                                                                                                                                                                                                                                                                                                                                                                                                                                                                                                                                                                                                                                                                                                                                                                                                                                                                                                                                                                                                                                                                                                                                                                                                                                                                                                                                                                                                                                                                                                                                                                                                                                                                                                                                                                                                                                                                                                                                                                                                                                                                                                                                                                                                                 SIZE      COMMENT
sha256:1403e55ab369cd1c8039c34e6b4d47ca40bbde39c371254c7cba14756f472f52   2 weeks ago   /bin/sh -c #(nop)  CMD ["nginx" "-g" "daemon off;"]                                                                                                                                                                                                                                                                                                                                                                                                                                                                                                                                                                                                                                                                                                                                                                                                                                                                                                                                                                                                                                                                                                                                                                                                                                                                                                                                                                                                                                                                                                                                                                                                                                                                                                                                                                                                                                                                                                                                                                                                                                                                                                                                                                                                                                                                                                                                                                                                                                                                                                                                                                                                                                                                                                                                                                                                                                                                                                                                                                                                                                                                                                                                                                        0B
<missing>                                                                 2 weeks ago   /bin/sh -c #(nop)  STOPSIGNAL SIGQUIT                                                                                                                                                                                                                                                                                                                                                                                                                                                                                                                                                                                                                                                                                                                                                                                                                                                                                                                                                                                                                                                                                                                                                                                                                                                                                                                                                                                                                                                                                                                                                                                                                                                                                                                                                                                                                                                                                                                                                                                                                                                                                                                                                                                                                                                                                                                                                                                                                                                                                                                                                                                                                                                                                                                                                                                                                                                                                                                                                                                                                                                                                                                                                                                      0B
<missing>                                                                 2 weeks ago   /bin/sh -c #(nop)  EXPOSE 80                                                                                                                                                                                                                                                                                                                                                                                                                                                                                                                                                                                                                                                                                                                                                                                                                                                                                                                                                                                                                                                                                                                                                                                                                                                                                                                                                                                                                                                                                                                                                                                                                                                                                                                                                                                                                                                                                                                                                                                                                                                                                                                                                                                                                                                                                                                                                                                                                                                                                                                                                                                                                                                                                                                                                                                                                                                                                                                                                                                                                                                                                                                                                                                               0B
<missing>                                                                 2 weeks ago   /bin/sh -c #(nop)  ENTRYPOINT ["/docker-entrypoint.sh"]                                                                                                                                                                                                                                                                                                                                                                                                                                                                                                                                                                                                                                                                                                                                                                                                                                                                                                                                                                                                                                                                                                                                                                                                                                                                                                                                                                                                                                                                                                                                                                                                                                                                                                                                                                                                                                                                                                                                                                                                                                                                                                                                                                                                                                                                                                                                                                                                                                                                                                                                                                                                                                                                                                                                                                                                                                                                                                                                                                                                                                                                                                                                                                    0B
<missing>                                                                 2 weeks ago   /bin/sh -c #(nop) COPY file:e57eef017a414ca793499729d80a7b9075790c9a804f930f1417e56d506970cf in /docker-entrypoint.d                                                                                                                                                                                                                                                                                                                                                                                                                                                                                                                                                                                                                                                                                                                                                                                                                                                                                                                                                                                                                                                                                                                                                                                                                                                                                                                                                                                                                                                                                                                                                                                                                                                                                                                                                                                                                                                                                                                                                                                                                                                                                                                                                                                                                                                                                                                                                                                                                                                                                                                                                                                                                                                                                                                                                                                                                                                                                                                                                                                                                                                                                                       4.62kB
<missing>                                                                 2 weeks ago   /bin/sh -c #(nop) COPY file:abbcbf84dc17ee4454b6b2e3cf914be88e02cf84d344ec45a5b31235379d722a in /docker-entrypoint.d                                                                                                                                                                                                                                                                                                                                                                                                                                                                                                                                                                                                                                                                                                                                                                                                                                                                                                                                                                                                                                                                                                                                                                                                                                                                                                                                                                                                                                                                                                                                                                                                                                                                                                                                                                                                                                                                                                                                                                                                                                                                                                                                                                                                                                                                                                                                                                                                                                                                                                                                                                                                                                                                                                                                                                                                                                                                                                                                                                                                                                                                                                       1.27kB
<missing>                                                                 2 weeks ago   /bin/sh -c #(nop) COPY file:5c18272734349488bd0c94ec8d382c872c1a0a435cca13bd4671353d6021d2cb in /docker-entrypoint.d                                                                                                                                                                                                                                                                                                                                                                                                                                                                                                                                                                                                                                                                                                                                                                                                                                                                                                                                                                                                                                                                                                                                                                                                                                                                                                                                                                                                                                                                                                                                                                                                                                                                                                                                                                                                                                                                                                                                                                                                                                                                                                                                                                                                                                                                                                                                                                                                                                                                                                                                                                                                                                                                                                                                                                                                                                                                                                                                                                                                                                                                                                       2.12kB
<missing>                                                                 2 weeks ago   /bin/sh -c #(nop) COPY file:7b307b62e82255f040c9812421a30090bf9abf3685f27b02d77fcca99f997911 in /                                                                                                                                                                                                                                                                                                                                                                                                                                                                                                                                                                                                                                                                                                                                                                                                                                                                                                                                                                                                                                                                                                                                                                                                                                                                                                                                                                                                                                                                                                                                                                                                                                                                                                                                                                                                                                                                                                                                                                                                                                                                                                                                                                                                                                                                                                                                                                                                                                                                                                                                                                                                                                                                                                                                                                                                                                                                                                                                                                                                                                                                                                                          1.62kB
<missing>                                                                 2 weeks ago   /bin/sh -c set -x     && addgroup --system --gid 101 nginx     && adduser --system --disabled-login --ingroup nginx --no-create-home --home /nonexistent --gecos "nginx user" --shell /bin/false --uid 101 nginx     && apt-get update     && apt-get install --no-install-recommends --no-install-suggests -y gnupg1 ca-certificates     &&     NGINX_GPGKEY=573BFD6B3D8FBC641079A6ABABF5BD827BD9BF62;     found='';     for server in         hkp://keyserver.ubuntu.com:80         pgp.mit.edu     ; do         echo "Fetching GPG key $NGINX_GPGKEY from $server";         apt-key adv --keyserver "$server" --keyserver-options timeout=10 --recv-keys "$NGINX_GPGKEY" && found=yes && break;     done;     test -z "$found" && echo >&2 "error: failed to fetch GPG key $NGINX_GPGKEY" && exit 1;     apt-get remove --purge --auto-remove -y gnupg1 && rm -rf /var/lib/apt/lists/*     && dpkgArch="$(dpkg --print-architecture)"     && nginxPackages="         nginx=${NGINX_VERSION}-${PKG_RELEASE}         nginx-module-xslt=${NGINX_VERSION}-${PKG_RELEASE}         nginx-module-geoip=${NGINX_VERSION}-${PKG_RELEASE}         nginx-module-image-filter=${NGINX_VERSION}-${PKG_RELEASE}         nginx-module-njs=${NGINX_VERSION}+${NJS_VERSION}-${PKG_RELEASE}     "     && case "$dpkgArch" in         amd64|arm64)             echo "deb https://nginx.org/packages/mainline/debian/ bullseye nginx" >> /etc/apt/sources.list.d/nginx.list             && apt-get update             ;;         *)             echo "deb-src https://nginx.org/packages/mainline/debian/ bullseye nginx" >> /etc/apt/sources.list.d/nginx.list                         && tempDir="$(mktemp -d)"             && chmod 777 "$tempDir"                         && savedAptMark="$(apt-mark showmanual)"                         && apt-get update             && apt-get build-dep -y $nginxPackages             && (                 cd "$tempDir"                 && DEB_BUILD_OPTIONS="nocheck parallel=$(nproc)"                     apt-get source --compile $nginxPackages             )                         && apt-mark showmanual | xargs apt-mark auto > /dev/null             && { [ -z "$savedAptMark" ] || apt-mark manual $savedAptMark; }                         && ls -lAFh "$tempDir"             && ( cd "$tempDir" && dpkg-scanpackages . > Packages )             && grep '^Package: ' "$tempDir/Packages"             && echo "deb [ trusted=yes ] file://$tempDir ./" > /etc/apt/sources.list.d/temp.list             && apt-get -o Acquire::GzipIndexes=false update             ;;     esac         && apt-get install --no-install-recommends --no-install-suggests -y                         $nginxPackages                         gettext-base                         curl     && apt-get remove --purge --auto-remove -y && rm -rf /var/lib/apt/lists/* /etc/apt/sources.list.d/nginx.list         && if [ -n "$tempDir" ]; then         apt-get purge -y --auto-remove         && rm -rf "$tempDir" /etc/apt/sources.list.d/temp.list;     fi     && ln -sf /dev/stdout /var/log/nginx/access.log     && ln -sf /dev/stderr /var/log/nginx/error.log     && mkdir /docker-entrypoint.d   61.3MB
<missing>                                                                 2 weeks ago   /bin/sh -c #(nop)  ENV PKG_RELEASE=1~bullseye                                                                                                                                                                                                                                                                                                                                                                                                                                                                                                                                                                                                                                                                                                                                                                                                                                                                                                                                                                                                                                                                                                                                                                                                                                                                                                                                                                                                                                                                                                                                                                                                                                                                                                                                                                                                                                                                                                                                                                                                                                                                                                                                                                                                                                                                                                                                                                                                                                                                                                                                                                                                                                                                                                                                                                                                                                                                                                                                                                                                                                                                                                                                                                              0B
<missing>                                                                 2 weeks ago   /bin/sh -c #(nop)  ENV NJS_VERSION=0.7.9                                                                                                                                                                                                                                                                                                                                                                                                                                                                                                                                                                                                                                                                                                                                                                                                                                                                                                                                                                                                                                                                                                                                                                                                                                                                                                                                                                                                                                                                                                                                                                                                                                                                                                                                                                                                                                                                                                                                                                                                                                                                                                                                                                                                                                                                                                                                                                                                                                                                                                                                                                                                                                                                                                                                                                                                                                                                                                                                                                                                                                                                                                                                                                                  0B
<missing>                                                                 2 weeks ago   /bin/sh -c #(nop)  ENV NGINX_VERSION=1.23.3                                                                                                                                                                                                                                                                                                                                                                                                                                                                                                                                                                                                                                                                                                                                                                                                                                                                                                                                                                                                                                                                                                                                                                                                                                                                                                                                                                                                                                                                                                                                                                                                                                                                                                                                                                                                                                                                                                                                                                                                                                                                                                                                                                                                                                                                                                                                                                                                                                                                                                                                                                                                                                                                                                                                                                                                                                                                                                                                                                                                                                                                                                                                                                                0B
<missing>                                                                 2 weeks ago   /bin/sh -c #(nop)  LABEL maintainer=NGINX Docker Maintainers <docker-maint@nginx.com>                                                                                                                                                                                                                                                                                                                                                                                                                                                                                                                                                                                                                                                                                                                                                                                                                                                                                                                                                                                                                                                                                                                                                                                                                                                                                                                                                                                                                                                                                                                                                                                                                                                                                                                                                                                                                                                                                                                                                                                                                                                                                                                                                                                                                                                                                                                                                                                                                                                                                                                                                                                                                                                                                                                                                                                                                                                                                                                                                                                                                                                                                                                                      0B
<missing>                                                                 2 weeks ago   /bin/sh -c #(nop)  CMD ["bash"]                                                                                                                                                                                                                                                                                                                                                                                                                                                                                                                                                                                                                                                                                                                                                                                                                                                                                                                                                                                                                                                                                                                                                                                                                                                                                                                                                                                                                                                                                                                                                                                                                                                                                                                                                                                                                                                                                                                                                                                                                                                                                                                                                                                                                                                                                                                                                                                                                                                                                                                                                                                                                                                                                                                                                                                                                                                                                                                                                                                                                                                                                                                                                                                            0B
<missing>                                                                 2 weeks ago   /bin/sh -c #(nop) ADD file:73e68ae6852c9afbb2989dc9c5b7c6668843f454b1bdcfb48658bfbc6c4af69e in /                                                                                                                                                                                                                                                                                                                                                                                                                                                                                                                                                                                                                                                                                                                                                                                                                                                                                                                                                                                                                                                                                                                                                                                                                                                                                                                                                                                                                                                                                                                                                                                                                                                                                                                                                                                                                                                                                                                                                                                                                                                                                                                                                                                                                                                                                                                                                                                                                                                                                                                                                                                                                                                                                                                                                                                                                                                                                                                                                                                                                                                                                                                           80.5MB
root@ubuntu1804:~# docker history nginx
IMAGE          CREATED       CREATED BY                                      SIZE      COMMENT
1403e55ab369   2 weeks ago   /bin/sh -c #(nop)  CMD ["nginx" "-g" "daemon…   0B
<missing>      2 weeks ago   /bin/sh -c #(nop)  STOPSIGNAL SIGQUIT           0B
<missing>      2 weeks ago   /bin/sh -c #(nop)  EXPOSE 80                    0B
<missing>      2 weeks ago   /bin/sh -c #(nop)  ENTRYPOINT ["/docker-entr…   0B
<missing>      2 weeks ago   /bin/sh -c #(nop) COPY file:e57eef017a414ca7…   4.62kB
<missing>      2 weeks ago   /bin/sh -c #(nop) COPY file:abbcbf84dc17ee44…   1.27kB
<missing>      2 weeks ago   /bin/sh -c #(nop) COPY file:5c18272734349488…   2.12kB
<missing>      2 weeks ago   /bin/sh -c #(nop) COPY file:7b307b62e82255f0…   1.62kB
<missing>      2 weeks ago   /bin/sh -c set -x     && addgroup --system -…   61.3MB
<missing>      2 weeks ago   /bin/sh -c #(nop)  ENV PKG_RELEASE=1~bullseye   0B
<missing>      2 weeks ago   /bin/sh -c #(nop)  ENV NJS_VERSION=0.7.9        0B
<missing>      2 weeks ago   /bin/sh -c #(nop)  ENV NGINX_VERSION=1.23.3     0B
<missing>      2 weeks ago   /bin/sh -c #(nop)  LABEL maintainer=NGINX Do…   0B
<missing>      2 weeks ago   /bin/sh -c #(nop)  CMD ["bash"]                 0B
<missing>      2 weeks ago   /bin/sh -c #(nop) ADD file:73e68ae6852c9afbb…   80.5MB
root@ubuntu1804:~# docker history --format "{{.ID}}: {{.CreatedSince}}" busybox
Error response from daemon: No such image: busybox:latest
root@ubuntu1804:~#
root@ubuntu1804:~# f6e427c148a7: 4 weeks ago
f6e427c148a7:: command not found
root@ubuntu1804:~# docker history nginx --format "{{.IMAGE}}: {{.CREATED BY}}" busybox
"docker history" requires exactly 1 argument.
See 'docker history --help'.

Usage:  docker history [OPTIONS] IMAGE

Show the history of an image
root@ubuntu1804:~# docker history --format "{{.IMAGE}}: {{.CREATED BY}}" nginx
template parsing error: template: :1: function "BY" not defined
root@ubuntu1804:~# docker history --format "{{.IMAGE}}: {{.CREATEDBY}}" nginx
template parsing error: template: :1:2: executing "" at <.IMAGE>: can't evaluate field IMAGE in type *image.historyContext
root@ubuntu1804:~# docker history --format "{{.ID}}: {{.CREATEDBY}}" nginx
template parsing error: template: :1:11: executing "" at <.CREATEDBY>: can't evaluate field CREATEDBY in type *image.historyContext
root@ubuntu1804:~# docker history --format "{{.ID}}: {{.CreatedBy}}" nginx
1403e55ab369: /bin/sh -c #(nop)  CMD ["nginx" "-g" "daemon…
<missing>: /bin/sh -c #(nop)  STOPSIGNAL SIGQUIT
<missing>: /bin/sh -c #(nop)  EXPOSE 80
<missing>: /bin/sh -c #(nop)  ENTRYPOINT ["/docker-entr…
<missing>: /bin/sh -c #(nop) COPY file:e57eef017a414ca7…
<missing>: /bin/sh -c #(nop) COPY file:abbcbf84dc17ee44…
<missing>: /bin/sh -c #(nop) COPY file:5c18272734349488…
<missing>: /bin/sh -c #(nop) COPY file:7b307b62e82255f0…
<missing>: /bin/sh -c set -x     && addgroup --system -…
<missing>: /bin/sh -c #(nop)  ENV PKG_RELEASE=1~bullseye
<missing>: /bin/sh -c #(nop)  ENV NJS_VERSION=0.7.9
<missing>: /bin/sh -c #(nop)  ENV NGINX_VERSION=1.23.3
<missing>: /bin/sh -c #(nop)  LABEL maintainer=NGINX Do…
<missing>: /bin/sh -c #(nop)  CMD ["bash"]
<missing>: /bin/sh -c #(nop) ADD file:73e68ae6852c9afbb…
root@ubuntu1804:~# exit
logout
vagrant@ubuntu1804:~$ exit
logout

bhara@DESKTOP-SSN6PB4  ~/devops/provision/vagrant/ubuntu
$ vagrant halt
==> default: Attempting graceful shutdown of VM...

bhara@DESKTOP-SSN6PB4  ~/devops/provision/vagrant/ubuntu
$ date
Sun Jan  8 13:44:09 IST 2023

bhara@DESKTOP-SSN6PB4  ~/devops/provision/vagrant/ubuntu
$

